Archive member included to satisfy reference by file (symbol)

C:/ST/STM32CubeIDE_1.18.1/STM32CubeIDE/plugins/com.st.stm32cube.ide.mcu.externaltools.gnu-tools-for-stm32.13.3.rel1.win32_1.0.0.202411081344/tools/bin/../lib/gcc/arm-none-eabi/13.3.1/../../../../arm-none-eabi/lib/thumb/v7e-m+fp/hard\libc_nano.a(libc_a-exit.o)
                              C:/ST/STM32CubeIDE_1.18.1/STM32CubeIDE/plugins/com.st.stm32cube.ide.mcu.externaltools.gnu-tools-for-stm32.13.3.rel1.win32_1.0.0.202411081344/tools/bin/../lib/gcc/arm-none-eabi/13.3.1/../../../../arm-none-eabi/lib/thumb/v7e-m+fp/hard/crt0.o (exit)
C:/ST/STM32CubeIDE_1.18.1/STM32CubeIDE/plugins/com.st.stm32cube.ide.mcu.externaltools.gnu-tools-for-stm32.13.3.rel1.win32_1.0.0.202411081344/tools/bin/../lib/gcc/arm-none-eabi/13.3.1/../../../../arm-none-eabi/lib/thumb/v7e-m+fp/hard\libc_nano.a(libc_a-findfp.o)
                              ./Middlewares/Third_Party/FreeRTOS/Source/tasks.o (__sf)
C:/ST/STM32CubeIDE_1.18.1/STM32CubeIDE/plugins/com.st.stm32cube.ide.mcu.externaltools.gnu-tools-for-stm32.13.3.rel1.win32_1.0.0.202411081344/tools/bin/../lib/gcc/arm-none-eabi/13.3.1/../../../../arm-none-eabi/lib/thumb/v7e-m+fp/hard\libc_nano.a(libc_a-fwalk.o)
                              C:/ST/STM32CubeIDE_1.18.1/STM32CubeIDE/plugins/com.st.stm32cube.ide.mcu.externaltools.gnu-tools-for-stm32.13.3.rel1.win32_1.0.0.202411081344/tools/bin/../lib/gcc/arm-none-eabi/13.3.1/../../../../arm-none-eabi/lib/thumb/v7e-m+fp/hard\libc_nano.a(libc_a-findfp.o) (_fwalk_sglue)
C:/ST/STM32CubeIDE_1.18.1/STM32CubeIDE/plugins/com.st.stm32cube.ide.mcu.externaltools.gnu-tools-for-stm32.13.3.rel1.win32_1.0.0.202411081344/tools/bin/../lib/gcc/arm-none-eabi/13.3.1/../../../../arm-none-eabi/lib/thumb/v7e-m+fp/hard\libc_nano.a(libc_a-stdio.o)
                              C:/ST/STM32CubeIDE_1.18.1/STM32CubeIDE/plugins/com.st.stm32cube.ide.mcu.externaltools.gnu-tools-for-stm32.13.3.rel1.win32_1.0.0.202411081344/tools/bin/../lib/gcc/arm-none-eabi/13.3.1/../../../../arm-none-eabi/lib/thumb/v7e-m+fp/hard\libc_nano.a(libc_a-findfp.o) (__sread)
C:/ST/STM32CubeIDE_1.18.1/STM32CubeIDE/plugins/com.st.stm32cube.ide.mcu.externaltools.gnu-tools-for-stm32.13.3.rel1.win32_1.0.0.202411081344/tools/bin/../lib/gcc/arm-none-eabi/13.3.1/../../../../arm-none-eabi/lib/thumb/v7e-m+fp/hard\libc_nano.a(libc_a-memset.o)
                              C:/ST/STM32CubeIDE_1.18.1/STM32CubeIDE/plugins/com.st.stm32cube.ide.mcu.externaltools.gnu-tools-for-stm32.13.3.rel1.win32_1.0.0.202411081344/tools/bin/../lib/gcc/arm-none-eabi/13.3.1/../../../../arm-none-eabi/lib/thumb/v7e-m+fp/hard/crt0.o (memset)
C:/ST/STM32CubeIDE_1.18.1/STM32CubeIDE/plugins/com.st.stm32cube.ide.mcu.externaltools.gnu-tools-for-stm32.13.3.rel1.win32_1.0.0.202411081344/tools/bin/../lib/gcc/arm-none-eabi/13.3.1/../../../../arm-none-eabi/lib/thumb/v7e-m+fp/hard\libc_nano.a(libc_a-closer.o)
                              C:/ST/STM32CubeIDE_1.18.1/STM32CubeIDE/plugins/com.st.stm32cube.ide.mcu.externaltools.gnu-tools-for-stm32.13.3.rel1.win32_1.0.0.202411081344/tools/bin/../lib/gcc/arm-none-eabi/13.3.1/../../../../arm-none-eabi/lib/thumb/v7e-m+fp/hard\libc_nano.a(libc_a-stdio.o) (_close_r)
C:/ST/STM32CubeIDE_1.18.1/STM32CubeIDE/plugins/com.st.stm32cube.ide.mcu.externaltools.gnu-tools-for-stm32.13.3.rel1.win32_1.0.0.202411081344/tools/bin/../lib/gcc/arm-none-eabi/13.3.1/../../../../arm-none-eabi/lib/thumb/v7e-m+fp/hard\libc_nano.a(libc_a-reent.o)
                              ./Middlewares/Third_Party/FreeRTOS/Source/tasks.o (_reclaim_reent)
C:/ST/STM32CubeIDE_1.18.1/STM32CubeIDE/plugins/com.st.stm32cube.ide.mcu.externaltools.gnu-tools-for-stm32.13.3.rel1.win32_1.0.0.202411081344/tools/bin/../lib/gcc/arm-none-eabi/13.3.1/../../../../arm-none-eabi/lib/thumb/v7e-m+fp/hard\libc_nano.a(libc_a-impure.o)
                              ./Middlewares/Third_Party/FreeRTOS/Source/tasks.o (_impure_ptr)
C:/ST/STM32CubeIDE_1.18.1/STM32CubeIDE/plugins/com.st.stm32cube.ide.mcu.externaltools.gnu-tools-for-stm32.13.3.rel1.win32_1.0.0.202411081344/tools/bin/../lib/gcc/arm-none-eabi/13.3.1/../../../../arm-none-eabi/lib/thumb/v7e-m+fp/hard\libc_nano.a(libc_a-lseekr.o)
                              C:/ST/STM32CubeIDE_1.18.1/STM32CubeIDE/plugins/com.st.stm32cube.ide.mcu.externaltools.gnu-tools-for-stm32.13.3.rel1.win32_1.0.0.202411081344/tools/bin/../lib/gcc/arm-none-eabi/13.3.1/../../../../arm-none-eabi/lib/thumb/v7e-m+fp/hard\libc_nano.a(libc_a-stdio.o) (_lseek_r)
C:/ST/STM32CubeIDE_1.18.1/STM32CubeIDE/plugins/com.st.stm32cube.ide.mcu.externaltools.gnu-tools-for-stm32.13.3.rel1.win32_1.0.0.202411081344/tools/bin/../lib/gcc/arm-none-eabi/13.3.1/../../../../arm-none-eabi/lib/thumb/v7e-m+fp/hard\libc_nano.a(libc_a-readr.o)
[...]
Memory Configuration

Name             Origin             Length             Attributes
RAM              0x20000000         0x00020000         xrw
FLASH            0x08000000         0x00080000         xr
*default*        0x00000000         0xffffffff

Linker script and memory map

LOAD C:/ST/STM32CubeIDE_1.18.1/STM32CubeIDE/plugins/com.st.stm32cube.ide.mcu.externaltools.gnu-tools-for-stm32.13.3.rel1.win32_1.0.0.202411081344/tools/bin/../lib/gcc/arm-none-eabi/13.3.1/thumb/v7e-m+fp/hard/crti.o
LOAD C:/ST/STM32CubeIDE_1.18.1/STM32CubeIDE/plugins/com.st.stm32cube.ide.mcu.externaltools.gnu-tools-for-stm32.13.3.rel1.win32_1.0.0.202411081344/tools/bin/../lib/gcc/arm-none-eabi/13.3.1/thumb/v7e-m+fp/hard/crtbegin.o
LOAD C:/ST/STM32CubeIDE_1.18.1/STM32CubeIDE/plugins/com.st.stm32cube.ide.mcu.externaltools.gnu-tools-for-stm32.13.3.rel1.win32_1.0.0.202411081344/tools/bin/../lib/gcc/arm-none-eabi/13.3.1/../../../../arm-none-eabi/lib/thumb/v7e-m+fp/hard/crt0.o
LOAD ./Core/Src/complementary.o
LOAD ./Core/Src/dma.o
LOAD ./Core/Src/freertos.o
LOAD ./Core/Src/globals.o
LOAD ./Core/Src/gpio.o
LOAD ./Core/Src/i2c.o
LOAD ./Core/Src/main.o
LOAD ./Core/Src/mpu6050.o
LOAD ./Core/Src/stm32f4xx_hal_msp.o
LOAD ./Core/Src/stm32f4xx_hal_timebase_tim.o
LOAD ./Core/Src/stm32f4xx_it.o
LOAD ./Core/Src/syscalls.o
LOAD ./Core/Src/sysmem.o
LOAD ./Core/Src/system_stm32f4xx.o
LOAD ./Core/Src/uart.o
LOAD ./Core/Src/usart.o
LOAD ./Core/Startup/startup_stm32f446retx.o
LOAD ./Drivers/STM32F4xx_HAL_Driver/Src/stm32f4xx_hal.o
LOAD ./Drivers/STM32F4xx_HAL_Driver/Src/stm32f4xx_hal_cortex.o
LOAD ./Drivers/STM32F4xx_HAL_Driver/Src/stm32f4xx_hal_dma.o
LOAD ./Drivers/STM32F4xx_HAL_Driver/Src/stm32f4xx_hal_dma_ex.o
LOAD ./Drivers/STM32F4xx_HAL_Driver/Src/stm32f4xx_hal_exti.o
LOAD ./Drivers/STM32F4xx_HAL_Driver/Src/stm32f4xx_hal_flash.o
LOAD ./Drivers/STM32F4xx_HAL_Driver/Src/stm32f4xx_hal_flash_ex.o
LOAD ./Drivers/STM32F4xx_HAL_Driver/Src/stm32f4xx_hal_flash_ramfunc.o
LOAD ./Drivers/STM32F4xx_HAL_Driver/Src/stm32f4xx_hal_gpio.o
LOAD ./Drivers/STM32F4xx_HAL_Driver/Src/stm32f4xx_hal_pwr.o
LOAD ./Drivers/STM32F4xx_HAL_Driver/Src/stm32f4xx_hal_pwr_ex.o
LOAD ./Drivers/STM32F4xx_HAL_Driver/Src/stm32f4xx_hal_rcc.o
LOAD ./Drivers/STM32F4xx_HAL_Driver/Src/stm32f4xx_hal_rcc_ex.o
LOAD ./Drivers/STM32F4xx_HAL_Driver/Src/stm32f4xx_hal_tim.o
LOAD ./Drivers/STM32F4xx_HAL_Driver/Src/stm32f4xx_hal_tim_ex.o
LOAD ./Drivers/STM32F4xx_HAL_Driver/Src/stm32f4xx_hal_uart.o
LOAD ./Middlewares/Third_Party/FreeRTOS/Source/CMSIS_RTOS_V2/cmsis_os2.o
LOAD ./Middlewares/Third_Party/FreeRTOS/Source/croutine.o
LOAD ./Middlewares/Third_Party/FreeRTOS/Source/event_groups.o
LOAD ./Middlewares/Third_Party/FreeRTOS/Source/list.o
LOAD ./Middlewares/Third_Party/FreeRTOS/Source/queue.o
LOAD ./Middlewares/Third_Party/FreeRTOS/Source/stream_buffer.o
LOAD ./Middlewares/Third_Party/FreeRTOS/Source/tasks.o
LOAD ./Middlewares/Third_Party/FreeRTOS/Source/timers.o
LOAD ./Middlewares/Third_Party/FreeRTOS/Source/portable/GCC/ARM_CM4F/port.o
LOAD ./Middlewares/Third_Party/FreeRTOS/Source/portable/MemMang/heap_4.o
START GROUP
LOAD C:/ST/STM32CubeIDE_1.18.1/STM32CubeIDE/plugins/com.st.stm32cube.ide.mcu.externaltools.gnu-tools-for-stm32.13.3.rel1.win32_1.0.0.202411081344/tools/bin/../lib/gcc/arm-none-eabi/13.3.1/../../../../arm-none-eabi/lib/thumb/v7e-m+fp/hard\libc_nano.a
LOAD C:/ST/STM32CubeIDE_1.18.1/STM32CubeIDE/plugins/com.st.stm32cube.ide.mcu.externaltools.gnu-tools-for-stm32.13.3.rel1.win32_1.0.0.202411081344/tools/bin/../lib/gcc/arm-none-eabi/13.3.1/../../../../arm-none-eabi/lib/thumb/v7e-m+fp/hard\libm.a
END GROUP
START GROUP
LOAD C:/ST/STM32CubeIDE_1.18.1/STM32CubeIDE/plugins/com.st.stm32cube.ide.mcu.externaltools.gnu-tools-for-stm32.13.3.rel1.win32_1.0.0.202411081344/tools/bin/../lib/gcc/arm-none-eabi/13.3.1/thumb/v7e-m+fp/hard\libgcc.a
LOAD C:/ST/STM32CubeIDE_1.18.1/STM32CubeIDE/plugins/com.st.stm32cube.ide.mcu.externaltools.gnu-tools-for-stm32.13.3.rel1.win32_1.0.0.202411081344/tools/bin/../lib/gcc/arm-none-eabi/13.3.1/../../../../arm-none-eabi/lib/thumb/v7e-m+fp/hard\libc_nano.a
END GROUP
START GROUP
LOAD C:/ST/STM32CubeIDE_1.18.1/STM32CubeIDE/plugins/com.st.stm32cube.ide.mcu.externaltools.gnu-tools-for-stm32.13.3.rel1.win32_1.0.0.202411081344/tools/bin/../lib/gcc/arm-none-eabi/13.3.1/thumb/v7e-m+fp/hard\libgcc.a
LOAD C:/ST/STM32CubeIDE_1.18.1/STM32CubeIDE/plugins/com.st.stm32cube.ide.mcu.externaltools.gnu-tools-for-stm32.13.3.rel1.win32_1.0.0.202411081344/tools/bin/../lib/gcc/arm-none-eabi/13.3.1/../../../../arm-none-eabi/lib/thumb/v7e-m+fp/hard\libc_nano.a
LOAD C:/ST/STM32CubeIDE_1.18.1/STM32CubeIDE/plugins/com.st.stm32cube.ide.mcu.externaltools.gnu-tools-for-stm32.13.3.rel1.win32_1.0.0.202411081344/tools/bin/../lib/gcc/arm-none-eabi/13.3.1/../../../../arm-none-eabi/lib/thumb/v7e-m+fp/hard\libnosys.a
END GROUP
START GROUP
LOAD C:/ST/STM32CubeIDE_1.18.1/STM32CubeIDE/plugins/com.st.stm32cube.ide.mcu.externaltools.gnu-tools-for-stm32.13.3.rel1.win32_1.0.0.202411081344/tools/bin/../lib/gcc/arm-none-eabi/13.3.1/thumb/v7e-m+fp/hard\libgcc.a
LOAD C:/ST/STM32CubeIDE_1.18.1/STM32CubeIDE/plugins/com.st.stm32cube.ide.mcu.externaltools.gnu-tools-for-stm32.13.3.rel1.win32_1.0.0.202411081344/tools/bin/../lib/gcc/arm-none-eabi/13.3.1/../../../../arm-none-eabi/lib/thumb/v7e-m+fp/hard\libc_nano.a
LOAD C:/ST/STM32CubeIDE_1.18.1/STM32CubeIDE/plugins/com.st.stm32cube.ide.mcu.externaltools.gnu-tools-for-stm32.13.3.rel1.win32_1.0.0.202411081344/tools/bin/../lib/gcc/arm-none-eabi/13.3.1/../../../../arm-none-eabi/lib/thumb/v7e-m+fp/hard\libnosys.a
END GROUP
LOAD C:/ST/STM32CubeIDE_1.18.1/STM32CubeIDE/plugins/com.st.stm32cube.ide.mcu.externaltools.gnu-tools-for-stm32.13.3.rel1.win32_1.0.0.202411081344/tools/bin/../lib/gcc/arm-none-eabi/13.3.1/thumb/v7e-m+fp/hard/crtend.o
LOAD C:/ST/STM32CubeIDE_1.18.1/STM32CubeIDE/plugins/com.st.stm32cube.ide.mcu.externaltools.gnu-tools-for-stm32.13.3.rel1.win32_1.0.0.202411081344/tools/bin/../lib/gcc/arm-none-eabi/13.3.1/thumb/v7e-m+fp/hard/crtn.o
                0x20020000                        _estack = (ORIGIN (RAM) + LENGTH (RAM))
                0x00000200                        _Min_Heap_Size = 0x200
                0x00000400                        _Min_Stack_Size = 0x400

.isr_vector     0x08000000      0x1c4
                0x08000000                        . = ALIGN (0x4)
 *(.isr_vector)
 .isr_vector    0x08000000      0x1c4 ./Core/Startup/startup_stm32f446retx.o
                0x08000000                g_pfnVectors
                0x080001c4                        . = ALIGN (0x4)

.text           0x080001d0     0x7eec
                0x080001d0                        . = ALIGN (0x4)
 *(.text)
 .text          0x080001d0       0x40 C:/ST/STM32CubeIDE_1.18.1/STM32CubeIDE/plugins/com.st.stm32cube.ide.mcu.externaltools.gnu-tools-for-stm32.13.3.rel1.win32_1.0.0.202411081344/tools/bin/../lib/gcc/arm-none-eabi/13.3.1/thumb/v7e-m+fp/hard/crtbegin.o
 .text          0x08000210       0x30 C:/ST/STM32CubeIDE_1.18.1/STM32CubeIDE/plugins/com.st.stm32cube.ide.mcu.externaltools.gnu-tools-for-stm32.13.3.rel1.win32_1.0.0.202411081344/tools/bin/../lib/gcc/arm-none-eabi/13.3.1/thumb/v7e-m+fp/hard\libgcc.a(_aeabi_uldivmod.o)
                0x08000210                __aeabi_uldivmod
 .text          0x08000240      0x2f8 C:/ST/STM32CubeIDE_1.18.1/STM32CubeIDE/plugins/com.st.stm32cube.ide.mcu.externaltools.gnu-tools-for-stm32.13.3.rel1.win32_1.0.0.202411081344/tools/bin/../lib/gcc/arm-none-eabi/13.3.1/thumb/v7e-m+fp/hard\libgcc.a(_udivmoddi4.o)
                0x08000240                __udivmoddi4
 .text          0x08000538        0x4 C:/ST/STM32CubeIDE_1.18.1/STM32CubeIDE/plugins/com.st.stm32cube.ide.mcu.externaltools.gnu-tools-for-stm32.13.3.rel1.win32_1.0.0.202411081344/tools/bin/../lib/gcc/arm-none-eabi/13.3.1/thumb/v7e-m+fp/hard\libgcc.a(_dvmd_tls.o)
                0x08000538                __aeabi_idiv0
                0x08000538                __aeabi_ldiv0
 *(.text*)
 .text.ComplementaryFilter_Init
                0x0800053c       0x24 ./Core/Src/complementary.o
                0x0800053c                ComplementaryFilter_Init
 .text.ComplementaryFilter_Update
                0x08000560      0x104 ./Core/Src/complementary.o
                0x08000560                ComplementaryFilter_Update
 .text.MX_DMA_Init
                0x08000664       0x40 ./Core/Src/dma.o
                0x08000664                MX_DMA_Init
 .text.MX_FREERTOS_Init
                0x080006a4       0xa4 ./Core/Src/freertos.o
                0x080006a4                MX_FREERTOS_Init
 .text.StartDefaultTask
                0x08000748       0x10 ./Core/Src/freertos.o
                0x08000748                StartDefaultTask
 .text.IMU_Task
                0x08000758       0xa8 ./Core/Src/freertos.o
                0x08000758                IMU_Task
 .text.IBUS_Task
                0x08000800       0xa4 ./Core/Src/freertos.o
                0x08000800                IBUS_Task
 .text.MX_GPIO_Init
                0x080008a4       0x50 ./Core/Src/gpio.o
                0x080008a4                MX_GPIO_Init
 .text.I2C_Init
                0x080008f4       0xf8 ./Core/Src/i2c.o
                0x080008f4                I2C_Init
 .text.I2C_Mem_Write
                0x080009ec       0xc8 ./Core/Src/i2c.o
                0x080009ec                I2C_Mem_Write
 .text.I2C_Mem_Read
                0x08000ab4      0x11c ./Core/Src/i2c.o
                0x08000ab4                I2C_Mem_Read
 .text.FPU_Init
                0x08000bd0       0x24 ./Core/Src/main.o
                0x08000bd0                FPU_Init
 .text.main     0x08000bf4       0x48 ./Core/Src/main.o
                0x08000bf4                main
 .text.SystemClock_Config
                0x08000c3c       0xe4 ./Core/Src/main.o
                0x08000c3c                SystemClock_Config
 .text.HAL_TIM_PeriodElapsedCallback
                0x08000d20       0x24 ./Core/Src/main.o
                0x08000d20                HAL_TIM_PeriodElapsedCallback
 .text.Error_Handler
                0x08000d44        0xc ./Core/Src/main.o
                0x08000d44                Error_Handler
 .text.MPU6050_Init
                0x08000d50       0x66 ./Core/Src/mpu6050.o
                0x08000d50                MPU6050_Init
 .text.MPU6050_Read_Accel
                0x08000db6       0x5e ./Core/Src/mpu6050.o
                0x08000db6                MPU6050_Read_Accel
 .text.MPU6050_Read_Gyro
                0x08000e14       0x5e ./Core/Src/mpu6050.o
                0x08000e14                MPU6050_Read_Gyro
 *fill*         0x08000e72        0x2 
 .text.MPU6050_Calibrate
                0x08000e74      0x130 ./Core/Src/mpu6050.o
                0x08000e74                MPU6050_Calibrate
 .text.MPU6050_Read_Calibrated
                0x08000fa4      0x170 ./Core/Src/mpu6050.o
                0x08000fa4                MPU6050_Read_Calibrated
 .text.HAL_MspInit
                0x08001114       0x58 ./Core/Src/stm32f4xx_hal_msp.o
                0x08001114                HAL_MspInit
 .text.HAL_InitTick
                0x0800116c       0xf8 ./Core/Src/stm32f4xx_hal_timebase_tim.o
                0x0800116c                HAL_InitTick
 .text.NMI_Handler
                0x08001264        0x8 ./Core/Src/stm32f4xx_it.o
                0x08001264                NMI_Handler
 .text.HardFault_Handler
                0x0800126c        0x8 ./Core/Src/stm32f4xx_it.o
                0x0800126c                HardFault_Handler
 .text.MemManage_Handler
                0x08001274        0x8 ./Core/Src/stm32f4xx_it.o
                0x08001274                MemManage_Handler
 .text.BusFault_Handler
                0x0800127c        0x8 ./Core/Src/stm32f4xx_it.o
                0x0800127c                BusFault_Handler
 .text.UsageFault_Handler
                0x08001284        0x8 ./Core/Src/stm32f4xx_it.o
                0x08001284                UsageFault_Handler
 .text.DebugMon_Handler
                0x0800128c        0xe ./Core/Src/stm32f4xx_it.o
                0x0800128c                DebugMon_Handler
 *fill*         0x0800129a        0x2 
 .text.USART1_IRQHandler
                0x0800129c       0x84 ./Core/Src/stm32f4xx_it.o
                0x0800129c                USART1_IRQHandler
 .text.TIM6_DAC_IRQHandler
                0x08001320       0x14 ./Core/Src/stm32f4xx_it.o
                0x08001320                TIM6_DAC_IRQHandler
 .text.DMA2_Stream2_IRQHandler
                0x08001334       0x14 ./Core/Src/stm32f4xx_it.o
                0x08001334                DMA2_Stream2_IRQHandler
 .text.SystemInit
                0x08001348       0x24 ./Core/Src/system_stm32f4xx.o
                0x08001348                SystemInit
 .text.MX_USART1_UART_Init
                0x0800136c       0x54 ./Core/Src/usart.o
                0x0800136c                MX_USART1_UART_Init
 .text.MX_USART2_UART_Init
                0x080013c0       0x54 ./Core/Src/usart.o
                0x080013c0                MX_USART2_UART_Init
 .text.HAL_UART_MspInit
                0x08001414      0x170 ./Core/Src/usart.o
                0x08001414                HAL_UART_MspInit
 .text.Reset_Handler
                0x08001584       0x50 ./Core/Startup/startup_stm32f446retx.o
                0x08001584                Reset_Handler
 .text.Default_Handler
                0x080015d4        0x2 ./Core/Startup/startup_stm32f446retx.o
                0x080015d4                RTC_Alarm_IRQHandler
                0x080015d4                EXTI2_IRQHandler
                0x080015d4                TIM8_CC_IRQHandler
                0x080015d4                FMPI2C1_EV_IRQHandler
                0x080015d4                SPI4_IRQHandler
                0x080015d4                TIM1_CC_IRQHandler
                0x080015d4                DMA2_Stream5_IRQHandler
                0x080015d4                DMA1_Stream5_IRQHandler
                0x080015d4                PVD_IRQHandler
                0x080015d4                SDIO_IRQHandler
                0x080015d4                TAMP_STAMP_IRQHandler
                0x080015d4                CAN2_RX1_IRQHandler
                0x080015d4                EXTI3_IRQHandler
                0x080015d4                TIM8_TRG_COM_TIM14_IRQHandler
                0x080015d4                TIM1_UP_TIM10_IRQHandler
                0x080015d4                TIM8_UP_TIM13_IRQHandler
                0x080015d4                I2C3_ER_IRQHandler
                0x080015d4                EXTI0_IRQHandler
                0x080015d4                I2C2_EV_IRQHandler
                0x080015d4                DMA1_Stream2_IRQHandler
                0x080015d4                CAN1_RX0_IRQHandler
                0x080015d4                FPU_IRQHandler
                0x080015d4                OTG_HS_WKUP_IRQHandler
                0x080015d4                CAN2_SCE_IRQHandler
                0x080015d4                SPI1_IRQHandler
                0x080015d4                TIM1_BRK_TIM9_IRQHandler
                0x080015d4                DCMI_IRQHandler
                0x080015d4                CAN2_RX0_IRQHandler
                0x080015d4                DMA2_Stream3_IRQHandler
                0x080015d4                SAI2_IRQHandler
                0x080015d4                USART6_IRQHandler
                0x080015d4                USART3_IRQHandler
                0x080015d4                CAN1_RX1_IRQHandler
                0x080015d4                UART5_IRQHandler
                0x080015d4                DMA2_Stream0_IRQHandler
                0x080015d4                TIM4_IRQHandler
                0x080015d4                QUADSPI_IRQHandler
                0x080015d4                I2C1_EV_IRQHandler
                0x080015d4                DMA1_Stream6_IRQHandler
                0x080015d4                DMA1_Stream1_IRQHandler
                0x080015d4                UART4_IRQHandler
                0x080015d4                TIM3_IRQHandler
                0x080015d4                RCC_IRQHandler
                0x080015d4                TIM8_BRK_TIM12_IRQHandler
                0x080015d4                Default_Handler
                0x080015d4                CEC_IRQHandler
                0x080015d4                EXTI15_10_IRQHandler
                0x080015d4                ADC_IRQHandler
                0x080015d4                DMA1_Stream7_IRQHandler
                0x080015d4                TIM7_IRQHandler
                0x080015d4                CAN2_TX_IRQHandler
                0x080015d4                TIM5_IRQHandler
                0x080015d4                DMA2_Stream7_IRQHandler
                0x080015d4                I2C3_EV_IRQHandler
                0x080015d4                EXTI9_5_IRQHandler
                0x080015d4                RTC_WKUP_IRQHandler
                0x080015d4                SPDIF_RX_IRQHandler
                0x080015d4                SPI2_IRQHandler
                0x080015d4                OTG_HS_EP1_IN_IRQHandler
                0x080015d4                DMA1_Stream0_IRQHandler
                0x080015d4                CAN1_TX_IRQHandler
                0x080015d4                FMPI2C1_ER_IRQHandler
                0x080015d4                EXTI4_IRQHandler
                0x080015d4                OTG_HS_EP1_OUT_IRQHandler
                0x080015d4                WWDG_IRQHandler
                0x080015d4                TIM2_IRQHandler
                0x080015d4                OTG_FS_WKUP_IRQHandler
                0x080015d4                TIM1_TRG_COM_TIM11_IRQHandler
                0x080015d4                OTG_HS_IRQHandler
                0x080015d4                EXTI1_IRQHandler
                0x080015d4                USART2_IRQHandler
                0x080015d4                I2C2_ER_IRQHandler
                0x080015d4                DMA2_Stream1_IRQHandler
                0x080015d4                CAN1_SCE_IRQHandler
                0x080015d4                FLASH_IRQHandler
                0x080015d4                DMA2_Stream4_IRQHandler
                0x080015d4                OTG_FS_IRQHandler
                0x080015d4                SPI3_IRQHandler
                0x080015d4                DMA1_Stream4_IRQHandler
                0x080015d4                I2C1_ER_IRQHandler
                0x080015d4                FMC_IRQHandler
                0x080015d4                DMA2_Stream6_IRQHandler
                0x080015d4                SAI1_IRQHandler
                0x080015d4                DMA1_Stream3_IRQHandler
 *fill*         0x080015d6        0x2 
 .text.HAL_Init
                0x080015d8       0x44 ./Drivers/STM32F4xx_HAL_Driver/Src/stm32f4xx_hal.o
                0x080015d8                HAL_Init
 .text.HAL_IncTick
                0x0800161c       0x28 ./Drivers/STM32F4xx_HAL_Driver/Src/stm32f4xx_hal.o
                0x0800161c                HAL_IncTick
 .text.HAL_GetTick
                0x08001644       0x18 ./Drivers/STM32F4xx_HAL_Driver/Src/stm32f4xx_hal.o
                0x08001644                HAL_GetTick
 .text.__NVIC_SetPriorityGrouping
                0x0800165c       0x48 ./Drivers/STM32F4xx_HAL_Driver/Src/stm32f4xx_hal_cortex.o
 .text.__NVIC_GetPriorityGrouping
                0x080016a4       0x1c ./Drivers/STM32F4xx_HAL_Driver/Src/stm32f4xx_hal_cortex.o
 .text.__NVIC_EnableIRQ
                0x080016c0       0x3c ./Drivers/STM32F4xx_HAL_Driver/Src/stm32f4xx_hal_cortex.o
 .text.__NVIC_SetPriority
                0x080016fc       0x54 ./Drivers/STM32F4xx_HAL_Driver/Src/stm32f4xx_hal_cortex.o
 .text.NVIC_EncodePriority
                0x08001750       0x66 ./Drivers/STM32F4xx_HAL_Driver/Src/stm32f4xx_hal_cortex.o
 .text.HAL_NVIC_SetPriorityGrouping
                0x080017b6       0x16 ./Drivers/STM32F4xx_HAL_Driver/Src/stm32f4xx_hal_cortex.o
                0x080017b6                HAL_NVIC_SetPriorityGrouping
 .text.HAL_NVIC_SetPriority
                0x080017cc       0x38 ./Drivers/STM32F4xx_HAL_Driver/Src/stm32f4xx_hal_cortex.o
                0x080017cc                HAL_NVIC_SetPriority
 .text.HAL_NVIC_EnableIRQ
                0x08001804       0x1c ./Drivers/STM32F4xx_HAL_Driver/Src/stm32f4xx_hal_cortex.o
                0x08001804                HAL_NVIC_EnableIRQ
 .text.HAL_DMA_Init
                0x08001820      0x15c ./Drivers/STM32F4xx_HAL_Driver/Src/stm32f4xx_hal_dma.o
                0x08001820                HAL_DMA_Init
 .text.HAL_DMA_Start_IT
                0x0800197c       0xb0 ./Drivers/STM32F4xx_HAL_Driver/Src/stm32f4xx_hal_dma.o
                0x0800197c                HAL_DMA_Start_IT
 .text.HAL_DMA_Abort
                0x08001a2c       0xe0 ./Drivers/STM32F4xx_HAL_Driver/Src/stm32f4xx_hal_dma.o
                0x08001a2c                HAL_DMA_Abort
 .text.HAL_DMA_Abort_IT
                0x08001b0c       0x44 ./Drivers/STM32F4xx_HAL_Driver/Src/stm32f4xx_hal_dma.o
                0x08001b0c                HAL_DMA_Abort_IT
 .text.HAL_DMA_IRQHandler
                0x08001b50      0x314 ./Drivers/STM32F4xx_HAL_Driver/Src/stm32f4xx_hal_dma.o
                0x08001b50                HAL_DMA_IRQHandler
 .text.DMA_SetConfig
                0x08001e64       0x5c ./Drivers/STM32F4xx_HAL_Driver/Src/stm32f4xx_hal_dma.o
 .text.DMA_CalcBaseAndBitshift
                0x08001ec0       0x6c ./Drivers/STM32F4xx_HAL_Driver/Src/stm32f4xx_hal_dma.o
 .text.DMA_CheckFifoParam
                0x08001f2c       0xf8 ./Drivers/STM32F4xx_HAL_Driver/Src/stm32f4xx_hal_dma.o
 .text.HAL_GPIO_Init
                0x08002024      0x328 ./Drivers/STM32F4xx_HAL_Driver/Src/stm32f4xx_hal_gpio.o
                0x08002024                HAL_GPIO_Init
 .text.HAL_PWREx_EnableOverDrive
                0x0800234c       0xa0 ./Drivers/STM32F4xx_HAL_Driver/Src/stm32f4xx_hal_pwr_ex.o
                0x0800234c                HAL_PWREx_EnableOverDrive
 .text.HAL_RCC_ClockConfig
                0x080023ec      0x1cc ./Drivers/STM32F4xx_HAL_Driver/Src/stm32f4xx_hal_rcc.o
                0x080023ec                HAL_RCC_ClockConfig
 .text.HAL_RCC_GetHCLKFreq
                0x080025b8       0x18 ./Drivers/STM32F4xx_HAL_Driver/Src/stm32f4xx_hal_rcc.o
                0x080025b8                HAL_RCC_GetHCLKFreq
 .text.HAL_RCC_GetPCLK1Freq
                0x080025d0       0x28 ./Drivers/STM32F4xx_HAL_Driver/Src/stm32f4xx_hal_rcc.o
                0x080025d0                HAL_RCC_GetPCLK1Freq
 .text.HAL_RCC_GetPCLK2Freq
                0x080025f8       0x28 ./Drivers/STM32F4xx_HAL_Driver/Src/stm32f4xx_hal_rcc.o
                0x080025f8                HAL_RCC_GetPCLK2Freq
 .text.HAL_RCC_GetClockConfig
                0x08002620       0x64 ./Drivers/STM32F4xx_HAL_Driver/Src/stm32f4xx_hal_rcc.o
                0x08002620                HAL_RCC_GetClockConfig
 .text.HAL_RCC_GetSysClockFreq
                0x08002684      0x460 ./Drivers/STM32F4xx_HAL_Driver/Src/stm32f4xx_hal_rcc_ex.o
                0x08002684                HAL_RCC_GetSysClockFreq
 .text.HAL_RCC_OscConfig
                0x08002ae4      0x53c ./Drivers/STM32F4xx_HAL_Driver/Src/stm32f4xx_hal_rcc_ex.o
                0x08002ae4                HAL_RCC_OscConfig
 .text.HAL_TIM_Base_Init
                0x08003020       0x9e ./Drivers/STM32F4xx_HAL_Driver/Src/stm32f4xx_hal_tim.o
                0x08003020                HAL_TIM_Base_Init
 .text.HAL_TIM_Base_MspInit
                0x080030be       0x14 ./Drivers/STM32F4xx_HAL_Driver/Src/stm32f4xx_hal_tim.o
                0x080030be                HAL_TIM_Base_MspInit
 *fill*         0x080030d2        0x2 
 .text.HAL_TIM_Base_Start_IT
                0x080030d4       0xe0 ./Drivers/STM32F4xx_HAL_Driver/Src/stm32f4xx_hal_tim.o
                0x080030d4                HAL_TIM_Base_Start_IT
 .text.HAL_TIM_IRQHandler
                0x080031b4      0x1e0 ./Drivers/STM32F4xx_HAL_Driver/Src/stm32f4xx_hal_tim.o
                0x080031b4                HAL_TIM_IRQHandler
 .text.HAL_TIM_OC_DelayElapsedCallback
                0x08003394       0x14 ./Drivers/STM32F4xx_HAL_Driver/Src/stm32f4xx_hal_tim.o
                0x08003394                HAL_TIM_OC_DelayElapsedCallback
 .text.HAL_TIM_IC_CaptureCallback
                0x080033a8       0x14 ./Drivers/STM32F4xx_HAL_Driver/Src/stm32f4xx_hal_tim.o
                0x080033a8                HAL_TIM_IC_CaptureCallback
 .text.HAL_TIM_PWM_PulseFinishedCallback
                0x080033bc       0x14 ./Drivers/STM32F4xx_HAL_Driver/Src/stm32f4xx_hal_tim.o
                0x080033bc                HAL_TIM_PWM_PulseFinishedCallback
 .text.HAL_TIM_TriggerCallback
                0x080033d0       0x14 ./Drivers/STM32F4xx_HAL_Driver/Src/stm32f4xx_hal_tim.o
                0x080033d0                HAL_TIM_TriggerCallback
 .text.TIM_Base_SetConfig
                0x080033e4      0x14c ./Drivers/STM32F4xx_HAL_Driver/Src/stm32f4xx_hal_tim.o
                0x080033e4                TIM_Base_SetConfig
 .text.HAL_TIMEx_CommutCallback
                0x08003530       0x14 ./Drivers/STM32F4xx_HAL_Driver/Src/stm32f4xx_hal_tim_ex.o
                0x08003530                HAL_TIMEx_CommutCallback
 .text.HAL_TIMEx_BreakCallback
                0x08003544       0x14 ./Drivers/STM32F4xx_HAL_Driver/Src/stm32f4xx_hal_tim_ex.o
                0x08003544                HAL_TIMEx_BreakCallback
 .text.HAL_UART_Init
                0x08003558       0xa0 ./Drivers/STM32F4xx_HAL_Driver/Src/stm32f4xx_hal_uart.o
                0x08003558                HAL_UART_Init
 .text.HAL_UART_Receive_DMA
                0x080035f8       0x4a ./Drivers/STM32F4xx_HAL_Driver/Src/stm32f4xx_hal_uart.o
                0x080035f8                HAL_UART_Receive_DMA
 .text.HAL_UART_DMAStop
                0x08003642       0xfe ./Drivers/STM32F4xx_HAL_Driver/Src/stm32f4xx_hal_uart.o
                0x08003642                HAL_UART_DMAStop
 .text.HAL_UART_IRQHandler
                0x08003740      0x554 ./Drivers/STM32F4xx_HAL_Driver/Src/stm32f4xx_hal_uart.o
                0x08003740                HAL_UART_IRQHandler
 .text.HAL_UART_TxCpltCallback
                0x08003c94       0x14 ./Drivers/STM32F4xx_HAL_Driver/Src/stm32f4xx_hal_uart.o
                0x08003c94                HAL_UART_TxCpltCallback
 .text.HAL_UART_RxCpltCallback
                0x08003ca8       0x14 ./Drivers/STM32F4xx_HAL_Driver/Src/stm32f4xx_hal_uart.o
                0x08003ca8                HAL_UART_RxCpltCallback
 .text.HAL_UART_RxHalfCpltCallback
                0x08003cbc       0x14 ./Drivers/STM32F4xx_HAL_Driver/Src/stm32f4xx_hal_uart.o
                0x08003cbc                HAL_UART_RxHalfCpltCallback
 .text.HAL_UART_ErrorCallback
                0x08003cd0       0x14 ./Drivers/STM32F4xx_HAL_Driver/Src/stm32f4xx_hal_uart.o
                0x08003cd0                HAL_UART_ErrorCallback
 .text.HAL_UARTEx_RxEventCallback
                0x08003ce4       0x18 ./Drivers/STM32F4xx_HAL_Driver/Src/stm32f4xx_hal_uart.o
                0x08003ce4                HAL_UARTEx_RxEventCallback
 .text.UART_DMAReceiveCplt
                0x08003cfc      0x12c ./Drivers/STM32F4xx_HAL_Driver/Src/stm32f4xx_hal_uart.o
 .text.UART_DMARxHalfCplt
                0x08003e28       0x3c ./Drivers/STM32F4xx_HAL_Driver/Src/stm32f4xx_hal_uart.o
 .text.UART_DMAError
                0x08003e64       0x94 ./Drivers/STM32F4xx_HAL_Driver/Src/stm32f4xx_hal_uart.o
 .text.UART_Start_Receive_DMA
                0x08003ef8      0x14c ./Drivers/STM32F4xx_HAL_Driver/Src/stm32f4xx_hal_uart.o
                0x08003ef8                UART_Start_Receive_DMA
 .text.UART_EndTxTransfer
                0x08004044       0x50 ./Drivers/STM32F4xx_HAL_Driver/Src/stm32f4xx_hal_uart.o
 .text.UART_EndRxTransfer
                0x08004094       0xc6 ./Drivers/STM32F4xx_HAL_Driver/Src/stm32f4xx_hal_uart.o
 .text.UART_DMAAbortOnError
                0x0800415a       0x22 ./Drivers/STM32F4xx_HAL_Driver/Src/stm32f4xx_hal_uart.o
 .text.UART_Transmit_IT
                0x0800417c       0xa0 ./Drivers/STM32F4xx_HAL_Driver/Src/stm32f4xx_hal_uart.o
 .text.UART_EndTransmit_IT
                0x0800421c       0x30 ./Drivers/STM32F4xx_HAL_Driver/Src/stm32f4xx_hal_uart.o
 .text.UART_Receive_IT
                0x0800424c      0x17c ./Drivers/STM32F4xx_HAL_Driver/Src/stm32f4xx_hal_uart.o
 .text.UART_SetConfig
                0x080043c8      0x4e8 ./Drivers/STM32F4xx_HAL_Driver/Src/stm32f4xx_hal_uart.o
 .text.__NVIC_SetPriority
                0x080048b0       0x54 ./Middlewares/Third_Party/FreeRTOS/Source/CMSIS_RTOS_V2/cmsis_os2.o
 .text.SysTick_Handler
                0x08004904       0x20 ./Middlewares/Third_Party/FreeRTOS/Source/CMSIS_RTOS_V2/cmsis_os2.o
                0x08004904                SysTick_Handler
 .text.SVC_Setup
                0x08004924       0x12 ./Middlewares/Third_Party/FreeRTOS/Source/CMSIS_RTOS_V2/cmsis_os2.o
 *fill*         0x08004936        0x2 
 .text.osKernelInitialize
                0x08004938       0x48 ./Middlewares/Third_Party/FreeRTOS/Source/CMSIS_RTOS_V2/cmsis_os2.o
                0x08004938                osKernelInitialize
 .text.osKernelStart
                0x08004980       0x4c ./Middlewares/Third_Party/FreeRTOS/Source/CMSIS_RTOS_V2/cmsis_os2.o
                0x08004980                osKernelStart
 .text.osThreadNew
                0x080049cc      0x124 ./Middlewares/Third_Party/FreeRTOS/Source/CMSIS_RTOS_V2/cmsis_os2.o
                0x080049cc                osThreadNew
 .text.osDelay  0x08004af0       0x36 ./Middlewares/Third_Party/FreeRTOS/Source/CMSIS_RTOS_V2/cmsis_os2.o
                0x08004af0                osDelay
 *fill*         0x08004b26        0x2 
 .text.vApplicationGetIdleTaskMemory
                0x08004b28       0x34 ./Middlewares/Third_Party/FreeRTOS/Source/CMSIS_RTOS_V2/cmsis_os2.o
                0x08004b28                vApplicationGetIdleTaskMemory
 .text.vApplicationGetTimerTaskMemory
                0x08004b5c       0x34 ./Middlewares/Third_Party/FreeRTOS/Source/CMSIS_RTOS_V2/cmsis_os2.o
                0x08004b5c                vApplicationGetTimerTaskMemory
 .text.vListInitialise
                0x08004b90       0x40 ./Middlewares/Third_Party/FreeRTOS/Source/list.o
                0x08004b90                vListInitialise
 .text.vListInitialiseItem
                0x08004bd0       0x1a ./Middlewares/Third_Party/FreeRTOS/Source/list.o
                0x08004bd0                vListInitialiseItem
 .text.vListInsertEnd
                0x08004bea       0x48 ./Middlewares/Third_Party/FreeRTOS/Source/list.o
                0x08004bea                vListInsertEnd
 .text.vListInsert
                0x08004c32       0x72 ./Middlewares/Third_Party/FreeRTOS/Source/list.o
                0x08004c32                vListInsert
 .text.uxListRemove
                0x08004ca4       0x54 ./Middlewares/Third_Party/FreeRTOS/Source/list.o
                0x08004ca4                uxListRemove
 .text.xQueueGenericReset
                0x08004cf8       0xd4 ./Middlewares/Third_Party/FreeRTOS/Source/queue.o
                0x08004cf8                xQueueGenericReset
 .text.xQueueGenericCreateStatic
                0x08004dcc       0xfa ./Middlewares/Third_Party/FreeRTOS/Source/queue.o
                0x08004dcc                xQueueGenericCreateStatic
 .text.xQueueGenericCreate
                0x08004ec6       0x76 ./Middlewares/Third_Party/FreeRTOS/Source/queue.o
                0x08004ec6                xQueueGenericCreate
 .text.prvInitialiseNewQueue
                0x08004f3c       0x46 ./Middlewares/Third_Party/FreeRTOS/Source/queue.o
 *fill*         0x08004f82        0x2 
 .text.xQueueGenericSend
                0x08004f84      0x204 ./Middlewares/Third_Party/FreeRTOS/Source/queue.o
                0x08004f84                xQueueGenericSend
 .text.xQueueGenericSendFromISR
                0x08005188      0x13c ./Middlewares/Third_Party/FreeRTOS/Source/queue.o
                0x08005188                xQueueGenericSendFromISR
 .text.xQueueGiveFromISR
                0x080052c4      0x120 ./Middlewares/Third_Party/FreeRTOS/Source/queue.o
                0x080052c4                xQueueGiveFromISR
 .text.xQueueReceive
                0x080053e4      0x1c4 ./Middlewares/Third_Party/FreeRTOS/Source/queue.o
                0x080053e4                xQueueReceive
 .text.xQueueSemaphoreTake
                0x080055a8      0x220 ./Middlewares/Third_Party/FreeRTOS/Source/queue.o
                0x080055a8                xQueueSemaphoreTake
 .text.prvGetDisinheritPriorityAfterTimeout
                0x080057c8       0x30 ./Middlewares/Third_Party/FreeRTOS/Source/queue.o
 .text.prvCopyDataToQueue
                0x080057f8       0xd4 ./Middlewares/Third_Party/FreeRTOS/Source/queue.o
 .text.prvCopyDataFromQueue
                0x080058cc       0x4c ./Middlewares/Third_Party/FreeRTOS/Source/queue.o
 .text.prvUnlockQueue
                0x08005918       0xa4 ./Middlewares/Third_Party/FreeRTOS/Source/queue.o
 .text.prvIsQueueEmpty
                0x080059bc       0x2c ./Middlewares/Third_Party/FreeRTOS/Source/queue.o
 .text.prvIsQueueFull
                0x080059e8       0x30 ./Middlewares/Third_Party/FreeRTOS/Source/queue.o
 .text.vQueueAddToRegistry
                0x08005a18       0x54 ./Middlewares/Third_Party/FreeRTOS/Source/queue.o
                0x08005a18                vQueueAddToRegistry
 .text.vQueueWaitForMessageRestricted
                0x08005a6c       0x68 ./Middlewares/Third_Party/FreeRTOS/Source/queue.o
                0x08005a6c                vQueueWaitForMessageRestricted
 .text.xTaskCreateStatic
                0x08005ad4       0xc0 ./Middlewares/Third_Party/FreeRTOS/Source/tasks.o
                0x08005ad4                xTaskCreateStatic
 .text.xTaskCreate
                0x08005b94       0x8a ./Middlewares/Third_Party/FreeRTOS/Source/tasks.o
                0x08005b94                xTaskCreate
 *fill*         0x08005c1e        0x2 
 .text.prvInitialiseNewTask
                0x08005c20      0x150 ./Middlewares/Third_Party/FreeRTOS/Source/tasks.o
 .text.prvAddNewTaskToReadyList
                0x08005d70       0xe0 ./Middlewares/Third_Party/FreeRTOS/Source/tasks.o
 .text.vTaskDelayUntil
                0x08005e50      0x100 ./Middlewares/Third_Party/FreeRTOS/Source/tasks.o
                0x08005e50                vTaskDelayUntil
 .text.vTaskDelay
                0x08005f50       0x6c ./Middlewares/Third_Party/FreeRTOS/Source/tasks.o
                0x08005f50                vTaskDelay
 .text.vTaskStartScheduler
                0x08005fbc       0xe0 ./Middlewares/Third_Party/FreeRTOS/Source/tasks.o
                0x08005fbc                vTaskStartScheduler
 .text.vTaskSuspendAll
                0x0800609c       0x1c ./Middlewares/Third_Party/FreeRTOS/Source/tasks.o
                0x0800609c                vTaskSuspendAll
 .text.xTaskResumeAll
                0x080060b8      0x13c ./Middlewares/Third_Party/FreeRTOS/Source/tasks.o
                0x080060b8                xTaskResumeAll
 .text.xTaskGetTickCount
                0x080061f4       0x20 ./Middlewares/Third_Party/FreeRTOS/Source/tasks.o
                0x080061f4                xTaskGetTickCount
 .text.xTaskIncrementTick
                0x08006214      0x174 ./Middlewares/Third_Party/FreeRTOS/Source/tasks.o
                0x08006214                xTaskIncrementTick
 .text.vTaskSwitchContext
                0x08006388       0xcc ./Middlewares/Third_Party/FreeRTOS/Source/tasks.o
                0x08006388                vTaskSwitchContext
 .text.vTaskPlaceOnEventList
                0x08006454       0x4c ./Middlewares/Third_Party/FreeRTOS/Source/tasks.o
                0x08006454                vTaskPlaceOnEventList
 .text.vTaskPlaceOnEventListRestricted
                0x080064a0       0x58 ./Middlewares/Third_Party/FreeRTOS/Source/tasks.o
                0x080064a0                vTaskPlaceOnEventListRestricted
 .text.xTaskRemoveFromEventList
                0x080064f8       0xc8 ./Middlewares/Third_Party/FreeRTOS/Source/tasks.o
                0x080064f8                xTaskRemoveFromEventList
 .text.vTaskInternalSetTimeOutState
                0x080065c0       0x2c ./Middlewares/Third_Party/FreeRTOS/Source/tasks.o
                0x080065c0                vTaskInternalSetTimeOutState
 .text.xTaskCheckForTimeOut
                0x080065ec       0xc8 ./Middlewares/Third_Party/FreeRTOS/Source/tasks.o
                0x080065ec                xTaskCheckForTimeOut
 .text.vTaskMissedYield
                0x080066b4       0x18 ./Middlewares/Third_Party/FreeRTOS/Source/tasks.o
                0x080066b4                vTaskMissedYield
 .text.prvIdleTask
                0x080066cc       0x30 ./Middlewares/Third_Party/FreeRTOS/Source/tasks.o
 .text.prvInitialiseTaskLists
                0x080066fc       0x80 ./Middlewares/Third_Party/FreeRTOS/Source/tasks.o
 .text.prvCheckTasksWaitingTermination
                0x0800677c       0x5c ./Middlewares/Third_Party/FreeRTOS/Source/tasks.o
 .text.prvDeleteTCB
                0x080067d8       0x6a ./Middlewares/Third_Party/FreeRTOS/Source/tasks.o
 *fill*         0x08006842        0x2 
 .text.prvResetNextTaskUnblockTime
                0x08006844       0x40 ./Middlewares/Third_Party/FreeRTOS/Source/tasks.o
 .text.xTaskGetSchedulerState
                0x08006884       0x3c ./Middlewares/Third_Party/FreeRTOS/Source/tasks.o
                0x08006884                xTaskGetSchedulerState
 .text.xTaskPriorityInherit
                0x080068c0       0xd0 ./Middlewares/Third_Party/FreeRTOS/Source/tasks.o
                0x080068c0                xTaskPriorityInherit
 .text.xTaskPriorityDisinherit
                0x08006990       0xe0 ./Middlewares/Third_Party/FreeRTOS/Source/tasks.o
                0x08006990                xTaskPriorityDisinherit
 .text.vTaskPriorityDisinheritAfterTimeout
                0x08006a70      0x108 ./Middlewares/Third_Party/FreeRTOS/Source/tasks.o
                0x08006a70                vTaskPriorityDisinheritAfterTimeout
 .text.pvTaskIncrementMutexHeldCount
                0x08006b78       0x28 ./Middlewares/Third_Party/FreeRTOS/Source/tasks.o
                0x08006b78                pvTaskIncrementMutexHeldCount
 .text.prvAddCurrentTaskToDelayedList
                0x08006ba0       0xa8 ./Middlewares/Third_Party/FreeRTOS/Source/tasks.o
 .text.xTimerCreateTimerTask
                0x08006c48       0x94 ./Middlewares/Third_Party/FreeRTOS/Source/timers.o
                0x08006c48                xTimerCreateTimerTask
 .text.xTimerGenericCommand
                0x08006cdc       0x9c ./Middlewares/Third_Party/FreeRTOS/Source/timers.o
                0x08006cdc                xTimerGenericCommand
 .text.prvProcessExpiredTimer
                0x08006d78       0x9c ./Middlewares/Third_Party/FreeRTOS/Source/timers.o
 .text.prvTimerTask
                0x08006e14       0x26 ./Middlewares/Third_Party/FreeRTOS/Source/timers.o
 *fill*         0x08006e3a        0x2 
 .text.prvProcessTimerOrBlockTask
                0x08006e3c       0x9c ./Middlewares/Third_Party/FreeRTOS/Source/timers.o
 .text.prvGetNextExpireTime
                0x08006ed8       0x48 ./Middlewares/Third_Party/FreeRTOS/Source/timers.o
 .text.prvSampleTimeNow
                0x08006f20       0x40 ./Middlewares/Third_Party/FreeRTOS/Source/timers.o
 .text.prvInsertTimerInActiveList
                0x08006f60       0x84 ./Middlewares/Third_Party/FreeRTOS/Source/timers.o
 .text.prvProcessReceivedCommands
                0x08006fe4      0x1cc ./Middlewares/Third_Party/FreeRTOS/Source/timers.o
 .text.prvSwitchTimerLists
                0x080071b0       0xcc ./Middlewares/Third_Party/FreeRTOS/Source/timers.o
 .text.prvCheckForValidListAndQueue
                0x0800727c       0x80 ./Middlewares/Third_Party/FreeRTOS/Source/timers.o
 .text.pxPortInitialiseStack
                0x080072fc       0x68 ./Middlewares/Third_Party/FreeRTOS/Source/portable/GCC/ARM_CM4F/port.o
                0x080072fc                pxPortInitialiseStack
 .text.prvTaskExitError
                0x08007364       0x5c ./Middlewares/Third_Party/FreeRTOS/Source/portable/GCC/ARM_CM4F/port.o
 .text.SVC_Handler
                0x080073c0       0x28 ./Middlewares/Third_Party/FreeRTOS/Source/portable/GCC/ARM_CM4F/port.o
                0x080073c0                SVC_Handler
 .text.prvPortStartFirstTask
                0x080073e8       0x28 ./Middlewares/Third_Party/FreeRTOS/Source/portable/GCC/ARM_CM4F/port.o
 .text.xPortStartScheduler
                0x08007410      0x148 ./Middlewares/Third_Party/FreeRTOS/Source/portable/GCC/ARM_CM4F/port.o
                0x08007410                xPortStartScheduler
 .text.vPortEnterCritical
                0x08007558       0x64 ./Middlewares/Third_Party/FreeRTOS/Source/portable/GCC/ARM_CM4F/port.o
                0x08007558                vPortEnterCritical
 .text.vPortExitCritical
                0x080075bc       0x54 ./Middlewares/Third_Party/FreeRTOS/Source/portable/GCC/ARM_CM4F/port.o
                0x080075bc                vPortExitCritical
 .text.PendSV_Handler
                0x08007610       0x68 ./Middlewares/Third_Party/FreeRTOS/Source/portable/GCC/ARM_CM4F/port.o
                0x08007610                PendSV_Handler
 .text.xPortSysTickHandler
                0x08007678       0x44 ./Middlewares/Third_Party/FreeRTOS/Source/portable/GCC/ARM_CM4F/port.o
                0x08007678                xPortSysTickHandler
 .text.vPortSetupTimerInterrupt
                0x080076bc       0x48 ./Middlewares/Third_Party/FreeRTOS/Source/portable/GCC/ARM_CM4F/port.o
                0x080076bc                vPortSetupTimerInterrupt
 .text.vPortEnableVFP
                0x08007704       0x14 ./Middlewares/Third_Party/FreeRTOS/Source/portable/GCC/ARM_CM4F/port.o
 .text.vPortValidateInterruptPriority
                0x08007718       0x84 ./Middlewares/Third_Party/FreeRTOS/Source/portable/GCC/ARM_CM4F/port.o
                0x08007718                vPortValidateInterruptPriority
 .text.pvPortMalloc
                0x0800779c      0x19c ./Middlewares/Third_Party/FreeRTOS/Source/portable/MemMang/heap_4.o
                0x0800779c                pvPortMalloc
 .text.vPortFree
                0x08007938       0xc8 ./Middlewares/Third_Party/FreeRTOS/Source/portable/MemMang/heap_4.o
                0x08007938                vPortFree
 .text.prvHeapInit
                0x08007a00       0xc4 ./Middlewares/Third_Party/FreeRTOS/Source/portable/MemMang/heap_4.o
 .text.prvInsertBlockIntoFreeList
                0x08007ac4       0xb4 ./Middlewares/Third_Party/FreeRTOS/Source/portable/MemMang/heap_4.o
 .text.memset   0x08007b78       0x10 C:/ST/STM32CubeIDE_1.18.1/STM32CubeIDE/plugins/com.st.stm32cube.ide.mcu.externaltools.gnu-tools-for-stm32.13.3.rel1.win32_1.0.0.202411081344/tools/bin/../lib/gcc/arm-none-eabi/13.3.1/../../../../arm-none-eabi/lib/thumb/v7e-m+fp/hard\libc_nano.a(libc_a-memset.o)
                0x08007b78                memset
 .text._reclaim_reent
                0x08007b88       0xbc C:/ST/STM32CubeIDE_1.18.1/STM32CubeIDE/plugins/com.st.stm32cube.ide.mcu.externaltools.gnu-tools-for-stm32.13.3.rel1.win32_1.0.0.202411081344/tools/bin/../lib/gcc/arm-none-eabi/13.3.1/../../../../arm-none-eabi/lib/thumb/v7e-m+fp/hard\libc_nano.a(libc_a-reent.o)
                0x08007b88                _reclaim_reent
 .text.__errno  0x08007c44        0xc C:/ST/STM32CubeIDE_1.18.1/STM32CubeIDE/plugins/com.st.stm32cube.ide.mcu.externaltools.gnu-tools-for-stm32.13.3.rel1.win32_1.0.0.202411081344/tools/bin/../lib/gcc/arm-none-eabi/13.3.1/../../../../arm-none-eabi/lib/thumb/v7e-m+fp/hard\libc_nano.a(libc_a-errno.o)
                0x08007c44                __errno
 .text.__libc_init_array
                0x08007c50       0x48 C:/ST/STM32CubeIDE_1.18.1/STM32CubeIDE/plugins/com.st.stm32cube.ide.mcu.externaltools.gnu-tools-for-stm32.13.3.rel1.win32_1.0.0.202411081344/tools/bin/../lib/gcc/arm-none-eabi/13.3.1/../../../../arm-none-eabi/lib/thumb/v7e-m+fp/hard\libc_nano.a(libc_a-init.o)
                0x08007c50                __libc_init_array
 .text.__retarget_lock_acquire_recursive
                0x08007c98        0x2 C:/ST/STM32CubeIDE_1.18.1/STM32CubeIDE/plugins/com.st.stm32cube.ide.mcu.externaltools.gnu-tools-for-stm32.13.3.rel1.win32_1.0.0.202411081344/tools/bin/../lib/gcc/arm-none-eabi/13.3.1/../../../../arm-none-eabi/lib/thumb/v7e-m+fp/hard\libc_nano.a(libc_a-lock.o)
                0x08007c98                __retarget_lock_acquire_recursive
 .text.__retarget_lock_release_recursive
                0x08007c9a        0x2 C:/ST/STM32CubeIDE_1.18.1/STM32CubeIDE/plugins/com.st.stm32cube.ide.mcu.externaltools.gnu-tools-for-stm32.13.3.rel1.win32_1.0.0.202411081344/tools/bin/../lib/gcc/arm-none-eabi/13.3.1/../../../../arm-none-eabi/lib/thumb/v7e-m+fp/hard\libc_nano.a(libc_a-lock.o)
                0x08007c9a                __retarget_lock_release_recursive
 .text.memcpy   0x08007c9c       0x1c C:/ST/STM32CubeIDE_1.18.1/STM32CubeIDE/plugins/com.st.stm32cube.ide.mcu.externaltools.gnu-tools-for-stm32.13.3.rel1.win32_1.0.0.202411081344/tools/bin/../lib/gcc/arm-none-eabi/13.3.1/../../../../arm-none-eabi/lib/thumb/v7e-m+fp/hard\libc_nano.a(libc_a-memcpy-stub.o)
                0x08007c9c                memcpy
 .text._free_r  0x08007cb8       0x94 C:/ST/STM32CubeIDE_1.18.1/STM32CubeIDE/plugins/com.st.stm32cube.ide.mcu.externaltools.gnu-tools-for-stm32.13.3.rel1.win32_1.0.0.202411081344/tools/bin/../lib/gcc/arm-none-eabi/13.3.1/../../../../arm-none-eabi/lib/thumb/v7e-m+fp/hard\libc_nano.a(libc_a-freer.o)
                0x08007cb8                _free_r
 .text.__malloc_lock
                0x08007d4c        0xc C:/ST/STM32CubeIDE_1.18.1/STM32CubeIDE/plugins/com.st.stm32cube.ide.mcu.externaltools.gnu-tools-for-stm32.13.3.rel1.win32_1.0.0.202411081344/tools/bin/../lib/gcc/arm-none-eabi/13.3.1/../../../../arm-none-eabi/lib/thumb/v7e-m+fp/hard\libc_nano.a(libc_a-mlock.o)
                0x08007d4c                __malloc_lock
 .text.__malloc_unlock
                0x08007d58        0xc C:/ST/STM32CubeIDE_1.18.1/STM32CubeIDE/plugins/com.st.stm32cube.ide.mcu.externaltools.gnu-tools-for-stm32.13.3.rel1.win32_1.0.0.202411081344/tools/bin/../lib/gcc/arm-none-eabi/13.3.1/../../../../arm-none-eabi/lib/thumb/v7e-m+fp/hard\libc_nano.a(libc_a-mlock.o)
                0x08007d58                __malloc_unlock
 .text.atan2f   0x08007d64        0x4 C:/ST/STM32CubeIDE_1.18.1/STM32CubeIDE/plugins/com.st.stm32cube.ide.mcu.externaltools.gnu-tools-for-stm32.13.3.rel1.win32_1.0.0.202411081344/tools/bin/../lib/gcc/arm-none-eabi/13.3.1/../../../../arm-none-eabi/lib/thumb/v7e-m+fp/hard\libm.a(libm_a-wf_atan2.o)
                0x08007d64                atan2f
 .text.sqrtf    0x08007d68       0x3c C:/ST/STM32CubeIDE_1.18.1/STM32CubeIDE/plugins/com.st.stm32cube.ide.mcu.externaltools.gnu-tools-for-stm32.13.3.rel1.win32_1.0.0.202411081344/tools/bin/../lib/gcc/arm-none-eabi/13.3.1/../../../../arm-none-eabi/lib/thumb/v7e-m+fp/hard\libm.a(libm_a-wf_sqrt.o)
                0x08007d68                sqrtf
 .text.__ieee754_sqrtf
                0x08007da4        0x6 C:/ST/STM32CubeIDE_1.18.1/STM32CubeIDE/plugins/com.st.stm32cube.ide.mcu.externaltools.gnu-tools-for-stm32.13.3.rel1.win32_1.0.0.202411081344/tools/bin/../lib/gcc/arm-none-eabi/13.3.1/../../../../arm-none-eabi/lib/thumb/v7e-m+fp/hard\libm.a(libm_a-ef_sqrt.o)
                0x08007da4                __ieee754_sqrtf
 *fill*         0x08007daa        0x2 
 .text.__ieee754_atan2f
                0x08007dac      0x140 C:/ST/STM32CubeIDE_1.18.1/STM32CubeIDE/plugins/com.st.stm32cube.ide.mcu.externaltools.gnu-tools-for-stm32.13.3.rel1.win32_1.0.0.202411081344/tools/bin/../lib/gcc/arm-none-eabi/13.3.1/../../../../arm-none-eabi/lib/thumb/v7e-m+fp/hard\libm.a(libm_a-ef_atan2.o)
                0x08007dac                __ieee754_atan2f
 .text.atanf    0x08007eec      0x1a8 C:/ST/STM32CubeIDE_1.18.1/STM32CubeIDE/plugins/com.st.stm32cube.ide.mcu.externaltools.gnu-tools-for-stm32.13.3.rel1.win32_1.0.0.202411081344/tools/bin/../lib/gcc/arm-none-eabi/13.3.1/../../../../arm-none-eabi/lib/thumb/v7e-m+fp/hard\libm.a(libm_a-sf_atan.o)
                0x08007eec                atanf
 .text.fabsf    0x08008094        0xe C:/ST/STM32CubeIDE_1.18.1/STM32CubeIDE/plugins/com.st.stm32cube.ide.mcu.externaltools.gnu-tools-for-stm32.13.3.rel1.win32_1.0.0.202411081344/tools/bin/../lib/gcc/arm-none-eabi/13.3.1/../../../../arm-none-eabi/lib/thumb/v7e-m+fp/hard\libm.a(libm_a-sf_fabs.o)
                0x08008094                fabsf
 *(.glue_7)
 .glue_7        0x080080a2        0x0 linker stubs
 *(.glue_7t)
 .glue_7t       0x080080a2        0x0 linker stubs
 *(.eh_frame)
 *fill*         0x080080a2        0x2 
 .eh_frame      0x080080a4        0x0 C:/ST/STM32CubeIDE_1.18.1/STM32CubeIDE/plugins/com.st.stm32cube.ide.mcu.externaltools.gnu-tools-for-stm32.13.3.rel1.win32_1.0.0.202411081344/tools/bin/../lib/gcc/arm-none-eabi/13.3.1/thumb/v7e-m+fp/hard/crtbegin.o
 *(.init)
 .init          0x080080a4        0x4 C:/ST/STM32CubeIDE_1.18.1/STM32CubeIDE/plugins/com.st.stm32cube.ide.mcu.externaltools.gnu-tools-for-stm32.13.3.rel1.win32_1.0.0.202411081344/tools/bin/../lib/gcc/arm-none-eabi/13.3.1/thumb/v7e-m+fp/hard/crti.o
                0x080080a4                _init
 .init          0x080080a8        0x8 C:/ST/STM32CubeIDE_1.18.1/STM32CubeIDE/plugins/com.st.stm32cube.ide.mcu.externaltools.gnu-tools-for-stm32.13.3.rel1.win32_1.0.0.202411081344/tools/bin/../lib/gcc/arm-none-eabi/13.3.1/thumb/v7e-m+fp/hard/crtn.o
 *(.fini)
 .fini          0x080080b0        0x4 C:/ST/STM32CubeIDE_1.18.1/STM32CubeIDE/plugins/com.st.stm32cube.ide.mcu.externaltools.gnu-tools-for-stm32.13.3.rel1.win32_1.0.0.202411081344/tools/bin/../lib/gcc/arm-none-eabi/13.3.1/thumb/v7e-m+fp/hard/crti.o
                0x080080b0                _fini
 .fini          0x080080b4        0x8 C:/ST/STM32CubeIDE_1.18.1/STM32CubeIDE/plugins/com.st.stm32cube.ide.mcu.externaltools.gnu-tools-for-stm32.13.3.rel1.win32_1.0.0.202411081344/tools/bin/../lib/gcc/arm-none-eabi/13.3.1/thumb/v7e-m+fp/hard/crtn.o
                0x080080bc                        . = ALIGN (0x4)
                0x080080bc                        _etext = .

.vfp11_veneer   0x080080bc        0x0
 .vfp11_veneer  0x080080bc        0x0 linker stubs

.v4_bx          0x080080bc        0x0
 .v4_bx         0x080080bc        0x0 linker stubs

.iplt           0x080080bc        0x0
 .iplt          0x080080bc        0x0 C:/ST/STM32CubeIDE_1.18.1/STM32CubeIDE/plugins/com.st.stm32cube.ide.mcu.externaltools.gnu-tools-for-stm32.13.3.rel1.win32_1.0.0.202411081344/tools/bin/../lib/gcc/arm-none-eabi/13.3.1/thumb/v7e-m+fp/hard/crtbegin.o

.rodata         0x080080bc       0xac
                0x080080bc                        . = ALIGN (0x4)
 *(.rodata)
 .rodata        0x080080bc       0x15 ./Core/Src/freertos.o
 *fill*         0x080080d1        0x3 
 .rodata        0x080080d4        0x5 ./Middlewares/Third_Party/FreeRTOS/Source/tasks.o
 *fill*         0x080080d9        0x3 
 .rodata        0x080080dc        0xd ./Middlewares/Third_Party/FreeRTOS/Source/timers.o
 *(.rodata*)
 *fill*         0x080080e9        0x3 
 .rodata.defaultTask_attributes
                0x080080ec       0x24 ./Core/Src/freertos.o
                0x080080ec                defaultTask_attributes
 .rodata.AHBPrescTable
                0x08008110       0x10 ./Core/Src/system_stm32f4xx.o
                0x08008110                AHBPrescTable
 .rodata.APBPrescTable
                0x08008120        0x8 ./Core/Src/system_stm32f4xx.o
                0x08008120                APBPrescTable
 .rodata.flagBitshiftOffset.0
                0x08008128        0x8 ./Drivers/STM32F4xx_HAL_Driver/Src/stm32f4xx_hal_dma.o
 .rodata.CSWTCH.9
                0x08008130        0xc C:/ST/STM32CubeIDE_1.18.1/STM32CubeIDE/plugins/com.st.stm32cube.ide.mcu.externaltools.gnu-tools-for-stm32.13.3.rel1.win32_1.0.0.202411081344/tools/bin/../lib/gcc/arm-none-eabi/13.3.1/../../../../arm-none-eabi/lib/thumb/v7e-m+fp/hard\libm.a(libm_a-ef_atan2.o)
 .rodata.CSWTCH.8
                0x0800813c        0xc C:/ST/STM32CubeIDE_1.18.1/STM32CubeIDE/plugins/com.st.stm32cube.ide.mcu.externaltools.gnu-tools-for-stm32.13.3.rel1.win32_1.0.0.202411081344/tools/bin/../lib/gcc/arm-none-eabi/13.3.1/../../../../arm-none-eabi/lib/thumb/v7e-m+fp/hard\libm.a(libm_a-ef_atan2.o)
 .rodata.atanlo
                0x08008148       0x10 C:/ST/STM32CubeIDE_1.18.1/STM32CubeIDE/plugins/com.st.stm32cube.ide.mcu.externaltools.gnu-tools-for-stm32.13.3.rel1.win32_1.0.0.202411081344/tools/bin/../lib/gcc/arm-none-eabi/13.3.1/../../../../arm-none-eabi/lib/thumb/v7e-m+fp/hard\libm.a(libm_a-sf_atan.o)
 .rodata.atanhi
                0x08008158       0x10 C:/ST/STM32CubeIDE_1.18.1/STM32CubeIDE/plugins/com.st.stm32cube.ide.mcu.externaltools.gnu-tools-for-stm32.13.3.rel1.win32_1.0.0.202411081344/tools/bin/../lib/gcc/arm-none-eabi/13.3.1/../../../../arm-none-eabi/lib/thumb/v7e-m+fp/hard\libm.a(libm_a-sf_atan.o)
                0x08008168                        . = ALIGN (0x4)

.ARM.extab      0x08008168        0x0
                0x08008168                        . = ALIGN (0x4)
 *(.ARM.extab* .gnu.linkonce.armextab.*)
                0x08008168                        . = ALIGN (0x4)

.ARM            0x08008168        0x8
                0x08008168                        . = ALIGN (0x4)
                0x08008168                        __exidx_start = .
 *(.ARM.exidx*)
 .ARM.exidx     0x08008168        0x8 C:/ST/STM32CubeIDE_1.18.1/STM32CubeIDE/plugins/com.st.stm32cube.ide.mcu.externaltools.gnu-tools-for-stm32.13.3.rel1.win32_1.0.0.202411081344/tools/bin/../lib/gcc/arm-none-eabi/13.3.1/thumb/v7e-m+fp/hard\libgcc.a(_udivmoddi4.o)
                0x08008170                        __exidx_end = .
                0x08008170                        . = ALIGN (0x4)

.preinit_array  0x08008170        0x0
                0x08008170                        . = ALIGN (0x4)
                0x08008170                        PROVIDE (__preinit_array_start = .)
 *(.preinit_array*)
                0x08008170                        PROVIDE (__preinit_array_end = .)
                0x08008170                        . = ALIGN (0x4)

.init_array     0x08008170        0x4
                0x08008170                        . = ALIGN (0x4)
                0x08008170                        PROVIDE (__init_array_start = .)
 *(SORT_BY_NAME(.init_array.*))
 *(.init_array*)
 .init_array    0x08008170        0x4 C:/ST/STM32CubeIDE_1.18.1/STM32CubeIDE/plugins/com.st.stm32cube.ide.mcu.externaltools.gnu-tools-for-stm32.13.3.rel1.win32_1.0.0.202411081344/tools/bin/../lib/gcc/arm-none-eabi/13.3.1/thumb/v7e-m+fp/hard/crtbegin.o
                0x08008174                        PROVIDE (__init_array_end = .)
                0x08008174                        . = ALIGN (0x4)

.fini_array     0x08008174        0x4
                0x08008174                        . = ALIGN (0x4)
                [!provide]                        PROVIDE (__fini_array_start = .)
 *(SORT_BY_NAME(.fini_array.*))
 *(.fini_array*)
 .fini_array    0x08008174        0x4 C:/ST/STM32CubeIDE_1.18.1/STM32CubeIDE/plugins/com.st.stm32cube.ide.mcu.externaltools.gnu-tools-for-stm32.13.3.rel1.win32_1.0.0.202411081344/tools/bin/../lib/gcc/arm-none-eabi/13.3.1/thumb/v7e-m+fp/hard/crtbegin.o
                [!provide]                        PROVIDE (__fini_array_end = .)
                0x08008178                        . = ALIGN (0x4)
                0x08008178                        _sidata = LOADADDR (.data)

.rel.dyn        0x08008178        0x0
 .rel.iplt      0x08008178        0x0 C:/ST/STM32CubeIDE_1.18.1/STM32CubeIDE/plugins/com.st.stm32cube.ide.mcu.externaltools.gnu-tools-for-stm32.13.3.rel1.win32_1.0.0.202411081344/tools/bin/../lib/gcc/arm-none-eabi/13.3.1/thumb/v7e-m+fp/hard/crtbegin.o

.data           0x20000000       0x60 load address 0x08008178
                0x20000000                        . = ALIGN (0x4)
                0x20000000                        _sdata = .
 *(.data)
 *(.data*)
 .data.SystemCoreClock
                0x20000000        0x4 ./Core/Src/system_stm32f4xx.o
                0x20000000                SystemCoreClock
 .data.uwTickPrio
                0x20000004        0x4 ./Drivers/STM32F4xx_HAL_Driver/Src/stm32f4xx_hal.o
                0x20000004                uwTickPrio
 .data.uwTickFreq
                0x20000008        0x1 ./Drivers/STM32F4xx_HAL_Driver/Src/stm32f4xx_hal.o
                0x20000008                uwTickFreq
 *fill*         0x20000009        0x3 
 .data.uxCriticalNesting
                0x2000000c        0x4 ./Middlewares/Third_Party/FreeRTOS/Source/portable/GCC/ARM_CM4F/port.o
 .data._impure_ptr
                0x20000010        0x4 C:/ST/STM32CubeIDE_1.18.1/STM32CubeIDE/plugins/com.st.stm32cube.ide.mcu.externaltools.gnu-tools-for-stm32.13.3.rel1.win32_1.0.0.202411081344/tools/bin/../lib/gcc/arm-none-eabi/13.3.1/../../../../arm-none-eabi/lib/thumb/v7e-m+fp/hard\libc_nano.a(libc_a-impure.o)
                0x20000010                _impure_ptr
 .data._impure_data
                0x20000014       0x4c C:/ST/STM32CubeIDE_1.18.1/STM32CubeIDE/plugins/com.st.stm32cube.ide.mcu.externaltools.gnu-tools-for-stm32.13.3.rel1.win32_1.0.0.202411081344/tools/bin/../lib/gcc/arm-none-eabi/13.3.1/../../../../arm-none-eabi/lib/thumb/v7e-m+fp/hard\libc_nano.a(libc_a-impure.o)
                0x20000014                _impure_data
 *(.RamFunc)
 *(.RamFunc*)
                0x20000060                        . = ALIGN (0x4)
                0x20000060                        _edata = .

.igot.plt       0x20000060        0x0 load address 0x080081d8
 .igot.plt      0x20000060        0x0 C:/ST/STM32CubeIDE_1.18.1/STM32CubeIDE/plugins/com.st.stm32cube.ide.mcu.externaltools.gnu-tools-for-stm32.13.3.rel1.win32_1.0.0.202411081344/tools/bin/../lib/gcc/arm-none-eabi/13.3.1/thumb/v7e-m+fp/hard/crtbegin.o
                0x20000060                        . = ALIGN (0x4)

.bss            0x20000060     0x4ce0 load address 0x080081d8
                0x20000060                        _sbss = .
                0x20000060                        __bss_start__ = _sbss
 *(.bss)
 .bss           0x20000060       0x1c C:/ST/STM32CubeIDE_1.18.1/STM32CubeIDE/plugins/com.st.stm32cube.ide.mcu.externaltools.gnu-tools-for-stm32.13.3.rel1.win32_1.0.0.202411081344/tools/bin/../lib/gcc/arm-none-eabi/13.3.1/thumb/v7e-m+fp/hard/crtbegin.o
 *(.bss*)
 .bss.IMU_TaskHandle
                0x2000007c        0x4 ./Core/Src/freertos.o
                0x2000007c                IMU_TaskHandle
 .bss.IBUS_TaskHandle
                0x20000080        0x4 ./Core/Src/freertos.o
                0x20000080                IBUS_TaskHandle
 .bss.IMUTaskProfiler
                0x20000084        0x4 ./Core/Src/freertos.o
                0x20000084                IMUTaskProfiler
 .bss.IBUSTaskProfiler
                0x20000088        0x4 ./Core/Src/freertos.o
                0x20000088                IBUSTaskProfiler
 .bss.defaultTaskHandle
                0x2000008c        0x4 ./Core/Src/freertos.o
                0x2000008c                defaultTaskHandle
 .bss.imu_CA    0x20000090        0x8 ./Core/Src/globals.o
                0x20000090                imu_CA
 .bss.roll      0x20000098        0x4 ./Core/Src/globals.o
                0x20000098                roll
 .bss.pitch     0x2000009c        0x4 ./Core/Src/globals.o
                0x2000009c                pitch
 .bss.ibus_channels
                0x200000a0        0xc ./Core/Src/globals.o
                0x200000a0                ibus_channels
 .bss.ibus_dma_buffer
                0x200000ac       0x20 ./Core/Src/globals.o
                0x200000ac                ibus_dma_buffer
 .bss.ibus_rx_semaphore
                0x200000cc        0x4 ./Core/Src/globals.o
                0x200000cc                ibus_rx_semaphore
 .bss.accel_x_offset
                0x200000d0        0x2 ./Core/Src/mpu6050.o
 .bss.accel_y_offset
                0x200000d2        0x2 ./Core/Src/mpu6050.o
 .bss.accel_z_offset
                0x200000d4        0x2 ./Core/Src/mpu6050.o
 .bss.gyro_x_offset
                0x200000d6        0x2 ./Core/Src/mpu6050.o
 .bss.gyro_y_offset
                0x200000d8        0x2 ./Core/Src/mpu6050.o
 .bss.gyro_z_offset
                0x200000da        0x2 ./Core/Src/mpu6050.o
 .bss.htim6     0x200000dc       0x48 ./Core/Src/stm32f4xx_hal_timebase_tim.o
                0x200000dc                htim6
 .bss.huart1    0x20000124       0x48 ./Core/Src/usart.o
                0x20000124                huart1
 .bss.huart2    0x2000016c       0x48 ./Core/Src/usart.o
                0x2000016c                huart2
 .bss.hdma_usart1_rx
                0x200001b4       0x60 ./Core/Src/usart.o
                0x200001b4                hdma_usart1_rx
 .bss.uwTick    0x20000214        0x4 ./Drivers/STM32F4xx_HAL_Driver/Src/stm32f4xx_hal.o
                0x20000214                uwTick
 .bss.KernelState
                0x20000218        0x4 ./Middlewares/Third_Party/FreeRTOS/Source/CMSIS_RTOS_V2/cmsis_os2.o
 .bss.Idle_TCB.3
                0x2000021c       0xa8 ./Middlewares/Third_Party/FreeRTOS/Source/CMSIS_RTOS_V2/cmsis_os2.o
 .bss.Idle_Stack.2
                0x200002c4      0x200 ./Middlewares/Third_Party/FreeRTOS/Source/CMSIS_RTOS_V2/cmsis_os2.o
 .bss.Timer_TCB.1
                0x200004c4       0xa8 ./Middlewares/Third_Party/FreeRTOS/Source/CMSIS_RTOS_V2/cmsis_os2.o
 .bss.Timer_Stack.0
                0x2000056c      0x400 ./Middlewares/Third_Party/FreeRTOS/Source/CMSIS_RTOS_V2/cmsis_os2.o
 .bss.xQueueRegistry
                0x2000096c       0x40 ./Middlewares/Third_Party/FreeRTOS/Source/queue.o
                0x2000096c                xQueueRegistry
 .bss.pxCurrentTCB
                0x200009ac        0x4 ./Middlewares/Third_Party/FreeRTOS/Source/tasks.o
                0x200009ac                pxCurrentTCB
 .bss.pxReadyTasksLists
                0x200009b0      0x460 ./Middlewares/Third_Party/FreeRTOS/Source/tasks.o
 .bss.xDelayedTaskList1
                0x20000e10       0x14 ./Middlewares/Third_Party/FreeRTOS/Source/tasks.o
 .bss.xDelayedTaskList2
                0x20000e24       0x14 ./Middlewares/Third_Party/FreeRTOS/Source/tasks.o
 .bss.pxDelayedTaskList
                0x20000e38        0x4 ./Middlewares/Third_Party/FreeRTOS/Source/tasks.o
 .bss.pxOverflowDelayedTaskList
                0x20000e3c        0x4 ./Middlewares/Third_Party/FreeRTOS/Source/tasks.o
 .bss.xPendingReadyList
                0x20000e40       0x14 ./Middlewares/Third_Party/FreeRTOS/Source/tasks.o
 .bss.xTasksWaitingTermination
                0x20000e54       0x14 ./Middlewares/Third_Party/FreeRTOS/Source/tasks.o
 .bss.uxDeletedTasksWaitingCleanUp
                0x20000e68        0x4 ./Middlewares/Third_Party/FreeRTOS/Source/tasks.o
 .bss.xSuspendedTaskList
                0x20000e6c       0x14 ./Middlewares/Third_Party/FreeRTOS/Source/tasks.o
 .bss.uxCurrentNumberOfTasks
                0x20000e80        0x4 ./Middlewares/Third_Party/FreeRTOS/Source/tasks.o
 .bss.xTickCount
                0x20000e84        0x4 ./Middlewares/Third_Party/FreeRTOS/Source/tasks.o
 .bss.uxTopReadyPriority
                0x20000e88        0x4 ./Middlewares/Third_Party/FreeRTOS/Source/tasks.o
 .bss.xSchedulerRunning
                0x20000e8c        0x4 ./Middlewares/Third_Party/FreeRTOS/Source/tasks.o
 .bss.xPendedTicks
                0x20000e90        0x4 ./Middlewares/Third_Party/FreeRTOS/Source/tasks.o
 .bss.xYieldPending
                0x20000e94        0x4 ./Middlewares/Third_Party/FreeRTOS/Source/tasks.o
 .bss.xNumOfOverflows
                0x20000e98        0x4 ./Middlewares/Third_Party/FreeRTOS/Source/tasks.o
 .bss.uxTaskNumber
                0x20000e9c        0x4 ./Middlewares/Third_Party/FreeRTOS/Source/tasks.o
 .bss.xNextTaskUnblockTime
                0x20000ea0        0x4 ./Middlewares/Third_Party/FreeRTOS/Source/tasks.o
 .bss.xIdleTaskHandle
                0x20000ea4        0x4 ./Middlewares/Third_Party/FreeRTOS/Source/tasks.o
 .bss.uxSchedulerSuspended
                0x20000ea8        0x4 ./Middlewares/Third_Party/FreeRTOS/Source/tasks.o
 .bss.xActiveTimerList1
                0x20000eac       0x14 ./Middlewares/Third_Party/FreeRTOS/Source/timers.o
 .bss.xActiveTimerList2
                0x20000ec0       0x14 ./Middlewares/Third_Party/FreeRTOS/Source/timers.o
 .bss.pxCurrentTimerList
                0x20000ed4        0x4 ./Middlewares/Third_Party/FreeRTOS/Source/timers.o
 .bss.pxOverflowTimerList
                0x20000ed8        0x4 ./Middlewares/Third_Party/FreeRTOS/Source/timers.o
 .bss.xTimerQueue
                0x20000edc        0x4 ./Middlewares/Third_Party/FreeRTOS/Source/timers.o
 .bss.xTimerTaskHandle
                0x20000ee0        0x4 ./Middlewares/Third_Party/FreeRTOS/Source/timers.o
 .bss.xLastTime.2
                0x20000ee4        0x4 ./Middlewares/Third_Party/FreeRTOS/Source/timers.o
 .bss.ucStaticTimerQueueStorage.1
                0x20000ee8       0xa0 ./Middlewares/Third_Party/FreeRTOS/Source/timers.o
 .bss.xStaticTimerQueue.0
                0x20000f88       0x50 ./Middlewares/Third_Party/FreeRTOS/Source/timers.o
 .bss.ucMaxSysCallPriority
                0x20000fd8        0x1 ./Middlewares/Third_Party/FreeRTOS/Source/portable/GCC/ARM_CM4F/port.o
 *fill*         0x20000fd9        0x3 
 .bss.ulMaxPRIGROUPValue
                0x20000fdc        0x4 ./Middlewares/Third_Party/FreeRTOS/Source/portable/GCC/ARM_CM4F/port.o
 .bss.ucHeap    0x20000fe0     0x3c00 ./Middlewares/Third_Party/FreeRTOS/Source/portable/MemMang/heap_4.o
 .bss.xStart    0x20004be0        0x8 ./Middlewares/Third_Party/FreeRTOS/Source/portable/MemMang/heap_4.o
 .bss.pxEnd     0x20004be8        0x4 ./Middlewares/Third_Party/FreeRTOS/Source/portable/MemMang/heap_4.o
 .bss.xFreeBytesRemaining
                0x20004bec        0x4 ./Middlewares/Third_Party/FreeRTOS/Source/portable/MemMang/heap_4.o
 .bss.xMinimumEverFreeBytesRemaining
                0x20004bf0        0x4 ./Middlewares/Third_Party/FreeRTOS/Source/portable/MemMang/heap_4.o
 .bss.xNumberOfSuccessfulAllocations
                0x20004bf4        0x4 ./Middlewares/Third_Party/FreeRTOS/Source/portable/MemMang/heap_4.o
 .bss.xNumberOfSuccessfulFrees
                0x20004bf8        0x4 ./Middlewares/Third_Party/FreeRTOS/Source/portable/MemMang/heap_4.o
 .bss.xBlockAllocatedBit
                0x20004bfc        0x4 ./Middlewares/Third_Party/FreeRTOS/Source/portable/MemMang/heap_4.o
 .bss.__sf      0x20004c00      0x138 C:/ST/STM32CubeIDE_1.18.1/STM32CubeIDE/plugins/com.st.stm32cube.ide.mcu.externaltools.gnu-tools-for-stm32.13.3.rel1.win32_1.0.0.202411081344/tools/bin/../lib/gcc/arm-none-eabi/13.3.1/../../../../arm-none-eabi/lib/thumb/v7e-m+fp/hard\libc_nano.a(libc_a-findfp.o)
                0x20004c00                __sf
 .bss.__lock___malloc_recursive_mutex
                0x20004d38        0x1 C:/ST/STM32CubeIDE_1.18.1/STM32CubeIDE/plugins/com.st.stm32cube.ide.mcu.externaltools.gnu-tools-for-stm32.13.3.rel1.win32_1.0.0.202411081344/tools/bin/../lib/gcc/arm-none-eabi/13.3.1/../../../../arm-none-eabi/lib/thumb/v7e-m+fp/hard\libc_nano.a(libc_a-lock.o)
                0x20004d38                __lock___malloc_recursive_mutex
 *fill*         0x20004d39        0x3 
 .bss.__malloc_free_list
                0x20004d3c        0x4 C:/ST/STM32CubeIDE_1.18.1/STM32CubeIDE/plugins/com.st.stm32cube.ide.mcu.externaltools.gnu-tools-for-stm32.13.3.rel1.win32_1.0.0.202411081344/tools/bin/../lib/gcc/arm-none-eabi/13.3.1/../../../../arm-none-eabi/lib/thumb/v7e-m+fp/hard\libc_nano.a(libc_a-mallocr.o)
                0x20004d3c                __malloc_free_list
 *(COMMON)
                0x20004d40                        . = ALIGN (0x4)
                0x20004d40                        _ebss = .
                0x20004d40                        __bss_end__ = _ebss

._user_heap_stack
                0x20004d40      0x600 load address 0x080081d8
                0x20004d40                        . = ALIGN (0x8)
                [!provide]                        PROVIDE (end = .)
                0x20004d40                        PROVIDE (_end = .)
                0x20004f40                        . = (. + _Min_Heap_Size)
 *fill*         0x20004d40      0x200 
                0x20005340                        . = (. + _Min_Stack_Size)
 *fill*         0x20004f40      0x400 
                0x20005340                        . = ALIGN (0x8)

/DISCARD/
 libc.a(*)
 libm.a(*)
 libgcc.a(*)

.ARM.attributes
                0x00000000       0x30
 *(.ARM.attributes)
 .ARM.attributes
                0x00000000       0x22 C:/ST/STM32CubeIDE_1.18.1/STM32CubeIDE/plugins/com.st.stm32cube.ide.mcu.externaltools.gnu-tools-for-stm32.13.3.rel1.win32_1.0.0.202411081344/tools/bin/../lib/gcc/arm-none-eabi/13.3.1/thumb/v7e-m+fp/hard/crti.o
 .ARM.attributes
                0x00000022       0x34 C:/ST/STM32CubeIDE_1.18.1/STM32CubeIDE/plugins/com.st.stm32cube.ide.mcu.externaltools.gnu-tools-for-stm32.13.3.rel1.win32_1.0.0.202411081344/tools/bin/../lib/gcc/arm-none-eabi/13.3.1/thumb/v7e-m+fp/hard/crtbegin.o
 .ARM.attributes
                0x00000056       0x34 ./Core/Src/complementary.o
 .ARM.attributes
                0x0000008a       0x34 ./Core/Src/dma.o
 .ARM.attributes
                0x000000be       0x34 ./Core/Src/freertos.o
 .ARM.attributes
                0x000000f2       0x34 ./Core/Src/globals.o
 .ARM.attributes
                0x00000126       0x34 ./Core/Src/gpio.o
 .ARM.attributes
                0x0000015a       0x34 ./Core/Src/i2c.o
 .ARM.attributes
                0x0000018e       0x34 ./Core/Src/main.o
 .ARM.attributes
                0x000001c2       0x34 ./Core/Src/mpu6050.o
 .ARM.attributes
                0x000001f6       0x34 ./Core/Src/stm32f4xx_hal_msp.o
 .ARM.attributes
                0x0000022a       0x34 ./Core/Src/stm32f4xx_hal_timebase_tim.o
 .ARM.attributes
                0x0000025e       0x34 ./Core/Src/stm32f4xx_it.o
 .ARM.attributes
                0x00000292       0x34 ./Core/Src/system_stm32f4xx.o
 .ARM.attributes
                0x000002c6       0x34 ./Core/Src/usart.o
 .ARM.attributes
                0x000002fa       0x21 ./Core/Startup/startup_stm32f446retx.o
 .ARM.attributes
                0x0000031b       0x34 ./Drivers/STM32F4xx_HAL_Driver/Src/stm32f4xx_hal.o
 .ARM.attributes
                0x0000034f       0x34 ./Drivers/STM32F4xx_HAL_Driver/Src/stm32f4xx_hal_cortex.o
 .ARM.attributes
                0x00000383       0x34 ./Drivers/STM32F4xx_HAL_Driver/Src/stm32f4xx_hal_dma.o
 .ARM.attributes
                0x000003b7       0x34 ./Drivers/STM32F4xx_HAL_Driver/Src/stm32f4xx_hal_gpio.o
 .ARM.attributes
                0x000003eb       0x34 ./Drivers/STM32F4xx_HAL_Driver/Src/stm32f4xx_hal_pwr_ex.o
 .ARM.attributes
                0x0000041f       0x34 ./Drivers/STM32F4xx_HAL_Driver/Src/stm32f4xx_hal_rcc.o
 .ARM.attributes
                0x00000453       0x34 ./Drivers/STM32F4xx_HAL_Driver/Src/stm32f4xx_hal_rcc_ex.o
 .ARM.attributes
                0x00000487       0x34 ./Drivers/STM32F4xx_HAL_Driver/Src/stm32f4xx_hal_tim.o
 .ARM.attributes
                0x000004bb       0x34 ./Drivers/STM32F4xx_HAL_Driver/Src/stm32f4xx_hal_tim_ex.o
 .ARM.attributes
                0x000004ef       0x34 ./Drivers/STM32F4xx_HAL_Driver/Src/stm32f4xx_hal_uart.o
 .ARM.attributes
                0x00000523       0x34 ./Middlewares/Third_Party/FreeRTOS/Source/CMSIS_RTOS_V2/cmsis_os2.o
 .ARM.attributes
                0x00000557       0x34 ./Middlewares/Third_Party/FreeRTOS/Source/list.o
 .ARM.attributes
                0x0000058b       0x34 ./Middlewares/Third_Party/FreeRTOS/Source/queue.o
 .ARM.attributes
                0x000005bf       0x34 ./Middlewares/Third_Party/FreeRTOS/Source/tasks.o
 .ARM.attributes
                0x000005f3       0x34 ./Middlewares/Third_Party/FreeRTOS/Source/timers.o
 .ARM.attributes
                0x00000627       0x34 ./Middlewares/Third_Party/FreeRTOS/Source/portable/GCC/ARM_CM4F/port.o
 .ARM.attributes
                0x0000065b       0x34 ./Middlewares/Third_Party/FreeRTOS/Source/portable/MemMang/heap_4.o
 .ARM.attributes
                0x0000068f       0x34 C:/ST/STM32CubeIDE_1.18.1/STM32CubeIDE/plugins/com.st.stm32cube.ide.mcu.externaltools.gnu-tools-for-stm32.13.3.rel1.win32_1.0.0.202411081344/tools/bin/../lib/gcc/arm-none-eabi/13.3.1/../../../../arm-none-eabi/lib/thumb/v7e-m+fp/hard\libc_nano.a(libc_a-findfp.o)
 .ARM.attributes
                0x000006c3       0x34 C:/ST/STM32CubeIDE_1.18.1/STM32CubeIDE/plugins/com.st.stm32cube.ide.mcu.externaltools.gnu-tools-for-stm32.13.3.rel1.win32_1.0.0.202411081344/tools/bin/../lib/gcc/arm-none-eabi/13.3.1/../../../../arm-none-eabi/lib/thumb/v7e-m+fp/hard\libc_nano.a(libc_a-memset.o)
 .ARM.attributes
                0x000006f7       0x34 C:/ST/STM32CubeIDE_1.18.1/STM32CubeIDE/plugins/com.st.stm32cube.ide.mcu.externaltools.gnu-tools-for-stm32.13.3.rel1.win32_1.0.0.202411081344/tools/bin/../lib/gcc/arm-none-eabi/13.3.1/../../../../arm-none-eabi/lib/thumb/v7e-m+fp/hard\libc_nano.a(libc_a-reent.o)
 .ARM.attributes
                0x0000072b       0x34 C:/ST/STM32CubeIDE_1.18.1/STM32CubeIDE/plugins/com.st.stm32cube.ide.mcu.externaltools.gnu-tools-for-stm32.13.3.rel1.win32_1.0.0.202411081344/tools/bin/../lib/gcc/arm-none-eabi/13.3.1/../../../../arm-none-eabi/lib/thumb/v7e-m+fp/hard\libc_nano.a(libc_a-impure.o)
 .ARM.attributes
                0x0000075f       0x34 C:/ST/STM32CubeIDE_1.18.1/STM32CubeIDE/plugins/com.st.stm32cube.ide.mcu.externaltools.gnu-tools-for-stm32.13.3.rel1.win32_1.0.0.202411081344/tools/bin/../lib/gcc/arm-none-eabi/13.3.1/../../../../arm-none-eabi/lib/thumb/v7e-m+fp/hard\libc_nano.a(libc_a-errno.o)
 .ARM.attributes
                0x00000793       0x34 C:/ST/STM32CubeIDE_1.18.1/STM32CubeIDE/plugins/com.st.stm32cube.ide.mcu.externaltools.gnu-tools-for-stm32.13.3.rel1.win32_1.0.0.202411081344/tools/bin/../lib/gcc/arm-none-eabi/13.3.1/../../../../arm-none-eabi/lib/thumb/v7e-m+fp/hard\libc_nano.a(libc_a-init.o)
 .ARM.attributes
                0x000007c7       0x34 C:/ST/STM32CubeIDE_1.18.1/STM32CubeIDE/plugins/com.st.stm32cube.ide.mcu.externaltools.gnu-tools-for-stm32.13.3.rel1.win32_1.0.0.202411081344/tools/bin/../lib/gcc/arm-none-eabi/13.3.1/../../../../arm-none-eabi/lib/thumb/v7e-m+fp/hard\libc_nano.a(libc_a-lock.o)
 .ARM.attributes
                0x000007fb       0x34 C:/ST/STM32CubeIDE_1.18.1/STM32CubeIDE/plugins/com.st.stm32cube.ide.mcu.externaltools.gnu-tools-for-stm32.13.3.rel1.win32_1.0.0.202411081344/tools/bin/../lib/gcc/arm-none-eabi/13.3.1/../../../../arm-none-eabi/lib/thumb/v7e-m+fp/hard\libc_nano.a(libc_a-memcpy-stub.o)
 .ARM.attributes
                0x0000082f       0x34 C:/ST/STM32CubeIDE_1.18.1/STM32CubeIDE/plugins/com.st.stm32cube.ide.mcu.externaltools.gnu-tools-for-stm32.13.3.rel1.win32_1.0.0.202411081344/tools/bin/../lib/gcc/arm-none-eabi/13.3.1/../../../../arm-none-eabi/lib/thumb/v7e-m+fp/hard\libc_nano.a(libc_a-freer.o)
 .ARM.attributes
                0x00000863       0x34 C:/ST/STM32CubeIDE_1.18.1/STM32CubeIDE/plugins/com.st.stm32cube.ide.mcu.externaltools.gnu-tools-for-stm32.13.3.rel1.win32_1.0.0.202411081344/tools/bin/../lib/gcc/arm-none-eabi/13.3.1/../../../../arm-none-eabi/lib/thumb/v7e-m+fp/hard\libc_nano.a(libc_a-mallocr.o)
 .ARM.attributes
                0x00000897       0x34 C:/ST/STM32CubeIDE_1.18.1/STM32CubeIDE/plugins/com.st.stm32cube.ide.mcu.externaltools.gnu-tools-for-stm32.13.3.rel1.win32_1.0.0.202411081344/tools/bin/../lib/gcc/arm-none-eabi/13.3.1/../../../../arm-none-eabi/lib/thumb/v7e-m+fp/hard\libc_nano.a(libc_a-mlock.o)
 .ARM.attributes
                0x000008cb       0x34 C:/ST/STM32CubeIDE_1.18.1/STM32CubeIDE/plugins/com.st.stm32cube.ide.mcu.externaltools.gnu-tools-for-stm32.13.3.rel1.win32_1.0.0.202411081344/tools/bin/../lib/gcc/arm-none-eabi/13.3.1/../../../../arm-none-eabi/lib/thumb/v7e-m+fp/hard\libm.a(libm_a-wf_atan2.o)
 .ARM.attributes
                0x000008ff       0x34 C:/ST/STM32CubeIDE_1.18.1/STM32CubeIDE/plugins/com.st.stm32cube.ide.mcu.externaltools.gnu-tools-for-stm32.13.3.rel1.win32_1.0.0.202411081344/tools/bin/../lib/gcc/arm-none-eabi/13.3.1/../../../../arm-none-eabi/lib/thumb/v7e-m+fp/hard\libm.a(libm_a-wf_sqrt.o)
 .ARM.attributes
                0x00000933       0x34 C:/ST/STM32CubeIDE_1.18.1/STM32CubeIDE/plugins/com.st.stm32cube.ide.mcu.externaltools.gnu-tools-for-stm32.13.3.rel1.win32_1.0.0.202411081344/tools/bin/../lib/gcc/arm-none-eabi/13.3.1/../../../../arm-none-eabi/lib/thumb/v7e-m+fp/hard\libm.a(libm_a-ef_sqrt.o)
 .ARM.attributes
                0x00000967       0x34 C:/ST/STM32CubeIDE_1.18.1/STM32CubeIDE/plugins/com.st.stm32cube.ide.mcu.externaltools.gnu-tools-for-stm32.13.3.rel1.win32_1.0.0.202411081344/tools/bin/../lib/gcc/arm-none-eabi/13.3.1/../../../../arm-none-eabi/lib/thumb/v7e-m+fp/hard\libm.a(libm_a-ef_atan2.o)
 .ARM.attributes
                0x0000099b       0x34 C:/ST/STM32CubeIDE_1.18.1/STM32CubeIDE/plugins/com.st.stm32cube.ide.mcu.externaltools.gnu-tools-for-stm32.13.3.rel1.win32_1.0.0.202411081344/tools/bin/../lib/gcc/arm-none-eabi/13.3.1/../../../../arm-none-eabi/lib/thumb/v7e-m+fp/hard\libm.a(libm_a-sf_atan.o)
 .ARM.attributes
                0x000009cf       0x34 C:/ST/STM32CubeIDE_1.18.1/STM32CubeIDE/plugins/com.st.stm32cube.ide.mcu.externaltools.gnu-tools-for-stm32.13.3.rel1.win32_1.0.0.202411081344/tools/bin/../lib/gcc/arm-none-eabi/13.3.1/../../../../arm-none-eabi/lib/thumb/v7e-m+fp/hard\libm.a(libm_a-sf_fabs.o)
 .ARM.attributes
                0x00000a03       0x22 C:/ST/STM32CubeIDE_1.18.1/STM32CubeIDE/plugins/com.st.stm32cube.ide.mcu.externaltools.gnu-tools-for-stm32.13.3.rel1.win32_1.0.0.202411081344/tools/bin/../lib/gcc/arm-none-eabi/13.3.1/thumb/v7e-m+fp/hard\libgcc.a(_aeabi_uldivmod.o)
 .ARM.attributes
                0x00000a25       0x34 C:/ST/STM32CubeIDE_1.18.1/STM32CubeIDE/plugins/com.st.stm32cube.ide.mcu.externaltools.gnu-tools-for-stm32.13.3.rel1.win32_1.0.0.202411081344/tools/bin/../lib/gcc/arm-none-eabi/13.3.1/thumb/v7e-m+fp/hard\libgcc.a(_udivmoddi4.o)
 .ARM.attributes
                0x00000a59       0x22 C:/ST/STM32CubeIDE_1.18.1/STM32CubeIDE/plugins/com.st.stm32cube.ide.mcu.externaltools.gnu-tools-for-stm32.13.3.rel1.win32_1.0.0.202411081344/tools/bin/../lib/gcc/arm-none-eabi/13.3.1/thumb/v7e-m+fp/hard\libgcc.a(_dvmd_tls.o)
 .ARM.attributes
                0x00000a7b       0x22 C:/ST/STM32CubeIDE_1.18.1/STM32CubeIDE/plugins/com.st.stm32cube.ide.mcu.externaltools.gnu-tools-for-stm32.13.3.rel1.win32_1.0.0.202411081344/tools/bin/../lib/gcc/arm-none-eabi/13.3.1/thumb/v7e-m+fp/hard/crtn.o
OUTPUT(Valkyrie.elf elf32-littlearm)
LOAD linker stubs
LOAD C:/ST/STM32CubeIDE_1.18.1/STM32CubeIDE/plugins/com.st.stm32cube.ide.mcu.externaltools.gnu-tools-for-stm32.13.3.rel1.win32_1.0.0.202411081344/tools/bin/../lib/gcc/arm-none-eabi/13.3.1/../../../../arm-none-eabi/lib/thumb/v7e-m+fp/hard\libc.a
LOAD C:/ST/STM32CubeIDE_1.18.1/STM32CubeIDE/plugins/com.st.stm32cube.ide.mcu.externaltools.gnu-tools-for-stm32.13.3.rel1.win32_1.0.0.202411081344/tools/bin/../lib/gcc/arm-none-eabi/13.3.1/../../../../arm-none-eabi/lib/thumb/v7e-m+fp/hard\libm.a
LOAD C:/ST/STM32CubeIDE_1.18.1/STM32CubeIDE/plugins/com.st.stm32cube.ide.mcu.externaltools.gnu-tools-for-stm32.13.3.rel1.win32_1.0.0.202411081344/tools/bin/../lib/gcc/arm-none-eabi/13.3.1/thumb/v7e-m+fp/hard\libgcc.a

.debug_info     0x00000000    0x1b7ff
 .debug_info    0x00000000      0x196 ./Core/Src/complementary.o
 .debug_info    0x00000196      0x4fb ./Core/Src/dma.o
 .debug_info    0x00000691      0xc6c ./Core/Src/freertos.o
 .debug_info    0x000012fd      0x1b5 ./Core/Src/globals.o
 .debug_info    0x000014b2      0x299 ./Core/Src/gpio.o
 .debug_info    0x0000174b      0x526 ./Core/Src/i2c.o
 .debug_info    0x00001c71      0xdee ./Core/Src/main.o
 .debug_info    0x00002a5f      0x45d ./Core/Src/mpu6050.o
 .debug_info    0x00002ebc      0x505 ./Core/Src/stm32f4xx_hal_msp.o
 .debug_info    0x000033c1      0xc44 ./Core/Src/stm32f4xx_hal_timebase_tim.o
 .debug_info    0x00004005      0xac7 ./Core/Src/stm32f4xx_it.o
 .debug_info    0x00004acc      0x54a ./Core/Src/system_stm32f4xx.o
 .debug_info    0x00005016      0xc70 ./Core/Src/usart.o
 .debug_info    0x00005c86       0x30 ./Core/Startup/startup_stm32f446retx.o
 .debug_info    0x00005cb6      0x99a ./Drivers/STM32F4xx_HAL_Driver/Src/stm32f4xx_hal.o
 .debug_info    0x00006650      0xdaa ./Drivers/STM32F4xx_HAL_Driver/Src/stm32f4xx_hal_cortex.o
 .debug_info    0x000073fa      0x8e7 ./Drivers/STM32F4xx_HAL_Driver/Src/stm32f4xx_hal_dma.o
 .debug_info    0x00007ce1      0x70b ./Drivers/STM32F4xx_HAL_Driver/Src/stm32f4xx_hal_gpio.o
 .debug_info    0x000083ec      0x6da ./Drivers/STM32F4xx_HAL_Driver/Src/stm32f4xx_hal_pwr_ex.o
 .debug_info    0x00008ac6      0x8ff ./Drivers/STM32F4xx_HAL_Driver/Src/stm32f4xx_hal_rcc.o
 .debug_info    0x000093c5      0x960 ./Drivers/STM32F4xx_HAL_Driver/Src/stm32f4xx_hal_rcc_ex.o
 .debug_info    0x00009d25     0x299d ./Drivers/STM32F4xx_HAL_Driver/Src/stm32f4xx_hal_tim.o
 .debug_info    0x0000c6c2     0x14db ./Drivers/STM32F4xx_HAL_Driver/Src/stm32f4xx_hal_tim_ex.o
 .debug_info    0x0000db9d     0x2f4f ./Drivers/STM32F4xx_HAL_Driver/Src/stm32f4xx_hal_uart.o
 .debug_info    0x00010aec     0x4127 ./Middlewares/Third_Party/FreeRTOS/Source/CMSIS_RTOS_V2/cmsis_os2.o
 .debug_info    0x00014c13      0x2af ./Middlewares/Third_Party/FreeRTOS/Source/list.o
 .debug_info    0x00014ec2     0x1b79 ./Middlewares/Third_Party/FreeRTOS/Source/queue.o
 .debug_info    0x00016a3b     0x28c1 ./Middlewares/Third_Party/FreeRTOS/Source/tasks.o
 .debug_info    0x000192fc     0x1b50 ./Middlewares/Third_Party/FreeRTOS/Source/timers.o
 .debug_info    0x0001ae4c      0x4de ./Middlewares/Third_Party/FreeRTOS/Source/portable/GCC/ARM_CM4F/port.o
 .debug_info    0x0001b32a      0x4d5 ./Middlewares/Third_Party/FreeRTOS/Source/portable/MemMang/heap_4.o

.debug_abbrev   0x00000000     0x40b7
 .debug_abbrev  0x00000000       0xf2 ./Core/Src/complementary.o
 .debug_abbrev  0x000000f2      0x10e ./Core/Src/dma.o
 .debug_abbrev  0x00000200      0x246 ./Core/Src/freertos.o
 .debug_abbrev  0x00000446       0xb6 ./Core/Src/globals.o
 .debug_abbrev  0x000004fc       0xd8 ./Core/Src/gpio.o
 .debug_abbrev  0x000005d4      0x11b ./Core/Src/i2c.o
 .debug_abbrev  0x000006ef      0x28c ./Core/Src/main.o
 .debug_abbrev  0x0000097b       0xfe ./Core/Src/mpu6050.o
 .debug_abbrev  0x00000a79      0x119 ./Core/Src/stm32f4xx_hal_msp.o
 .debug_abbrev  0x00000b92      0x1f4 ./Core/Src/stm32f4xx_hal_timebase_tim.o
 .debug_abbrev  0x00000d86      0x1e6 ./Core/Src/stm32f4xx_it.o
 .debug_abbrev  0x00000f6c      0x11a ./Core/Src/system_stm32f4xx.o
 .debug_abbrev  0x00001086      0x232 ./Core/Src/usart.o
 .debug_abbrev  0x000012b8       0x24 ./Core/Startup/startup_stm32f446retx.o
 .debug_abbrev  0x000012dc      0x214 ./Drivers/STM32F4xx_HAL_Driver/Src/stm32f4xx_hal.o
 .debug_abbrev  0x000014f0      0x31d ./Drivers/STM32F4xx_HAL_Driver/Src/stm32f4xx_hal_cortex.o
 .debug_abbrev  0x0000180d      0x264 ./Drivers/STM32F4xx_HAL_Driver/Src/stm32f4xx_hal_dma.o
 .debug_abbrev  0x00001a71      0x1d4 ./Drivers/STM32F4xx_HAL_Driver/Src/stm32f4xx_hal_gpio.o
 .debug_abbrev  0x00001c45      0x1cf ./Drivers/STM32F4xx_HAL_Driver/Src/stm32f4xx_hal_pwr_ex.o
 .debug_abbrev  0x00001e14      0x2b7 ./Drivers/STM32F4xx_HAL_Driver/Src/stm32f4xx_hal_rcc.o
 .debug_abbrev  0x000020cb      0x211 ./Drivers/STM32F4xx_HAL_Driver/Src/stm32f4xx_hal_rcc_ex.o
 .debug_abbrev  0x000022dc      0x278 ./Drivers/STM32F4xx_HAL_Driver/Src/stm32f4xx_hal_tim.o
 .debug_abbrev  0x00002554      0x283 ./Drivers/STM32F4xx_HAL_Driver/Src/stm32f4xx_hal_tim_ex.o
 .debug_abbrev  0x000027d7      0x30e ./Drivers/STM32F4xx_HAL_Driver/Src/stm32f4xx_hal_uart.o
 .debug_abbrev  0x00002ae5      0x548 ./Middlewares/Third_Party/FreeRTOS/Source/CMSIS_RTOS_V2/cmsis_os2.o
 .debug_abbrev  0x0000302d       0xf5 ./Middlewares/Third_Party/FreeRTOS/Source/list.o
 .debug_abbrev  0x00003122      0x3b6 ./Middlewares/Third_Party/FreeRTOS/Source/queue.o
 .debug_abbrev  0x000034d8      0x3fe ./Middlewares/Third_Party/FreeRTOS/Source/tasks.o
 .debug_abbrev  0x000038d6      0x368 ./Middlewares/Third_Party/FreeRTOS/Source/timers.o
 .debug_abbrev  0x00003c3e      0x25c ./Middlewares/Third_Party/FreeRTOS/Source/portable/GCC/ARM_CM4F/port.o
 .debug_abbrev  0x00003e9a      0x21d ./Middlewares/Third_Party/FreeRTOS/Source/portable/MemMang/heap_4.o

.debug_aranges  0x00000000     0x1670
 .debug_aranges
                0x00000000       0x28 ./Core/Src/complementary.o
 .debug_aranges
                0x00000028       0x20 ./Core/Src/dma.o
 .debug_aranges
                0x00000048       0x38 ./Core/Src/freertos.o
 .debug_aranges
                0x00000080       0x18 ./Core/Src/globals.o
 .debug_aranges
                0x00000098       0x20 ./Core/Src/gpio.o
 .debug_aranges
                0x000000b8       0x40 ./Core/Src/i2c.o
 .debug_aranges
                0x000000f8       0x40 ./Core/Src/main.o
 .debug_aranges
                0x00000138       0x40 ./Core/Src/mpu6050.o
 .debug_aranges
                0x00000178       0x20 ./Core/Src/stm32f4xx_hal_msp.o
 .debug_aranges
                0x00000198       0x30 ./Core/Src/stm32f4xx_hal_timebase_tim.o
 .debug_aranges
                0x000001c8       0x60 ./Core/Src/stm32f4xx_it.o
 .debug_aranges
                0x00000228       0x28 ./Core/Src/system_stm32f4xx.o
 .debug_aranges
                0x00000250       0x38 ./Core/Src/usart.o
 .debug_aranges
                0x00000288       0x28 ./Core/Startup/startup_stm32f446retx.o
 .debug_aranges
                0x000002b0       0xf0 ./Drivers/STM32F4xx_HAL_Driver/Src/stm32f4xx_hal.o
 .debug_aranges
                0x000003a0      0x130 ./Drivers/STM32F4xx_HAL_Driver/Src/stm32f4xx_hal_cortex.o
 .debug_aranges
                0x000004d0       0x90 ./Drivers/STM32F4xx_HAL_Driver/Src/stm32f4xx_hal_dma.o
 .debug_aranges
                0x00000560       0x58 ./Drivers/STM32F4xx_HAL_Driver/Src/stm32f4xx_hal_gpio.o
 .debug_aranges
                0x000005b8       0x60 ./Drivers/STM32F4xx_HAL_Driver/Src/stm32f4xx_hal_pwr_ex.o
 .debug_aranges
                0x00000618       0x88 ./Drivers/STM32F4xx_HAL_Driver/Src/stm32f4xx_hal_rcc.o
 .debug_aranges
                0x000006a0       0x78 ./Drivers/STM32F4xx_HAL_Driver/Src/stm32f4xx_hal_rcc_ex.o
 .debug_aranges
                0x00000718      0x3d0 ./Drivers/STM32F4xx_HAL_Driver/Src/stm32f4xx_hal_tim.o
 .debug_aranges
                0x00000ae8      0x168 ./Drivers/STM32F4xx_HAL_Driver/Src/stm32f4xx_hal_tim_ex.o
 .debug_aranges
                0x00000c50      0x208 ./Drivers/STM32F4xx_HAL_Driver/Src/stm32f4xx_hal_uart.o
 .debug_aranges
                0x00000e58      0x2b0 ./Middlewares/Third_Party/FreeRTOS/Source/CMSIS_RTOS_V2/cmsis_os2.o
 .debug_aranges
                0x00001108       0x40 ./Middlewares/Third_Party/FreeRTOS/Source/list.o
 .debug_aranges
                0x00001148      0x158 ./Middlewares/Third_Party/FreeRTOS/Source/queue.o
 .debug_aranges
                0x000012a0      0x208 ./Middlewares/Third_Party/FreeRTOS/Source/tasks.o
 .debug_aranges
                0x000014a8       0xf0 ./Middlewares/Third_Party/FreeRTOS/Source/timers.o
 .debug_aranges
                0x00001598       0x80 ./Middlewares/Third_Party/FreeRTOS/Source/portable/GCC/ARM_CM4F/port.o
 .debug_aranges
                0x00001618       0x58 ./Middlewares/Third_Party/FreeRTOS/Source/portable/MemMang/heap_4.o

.debug_rnglists
                0x00000000     0x1142
 .debug_rnglists
                0x00000000       0x1a ./Core/Src/complementary.o
 .debug_rnglists
                0x0000001a       0x13 ./Core/Src/dma.o
 .debug_rnglists
                0x0000002d       0x28 ./Core/Src/freertos.o
 .debug_rnglists
                0x00000055       0x13 ./Core/Src/gpio.o
 .debug_rnglists
                0x00000068       0x30 ./Core/Src/i2c.o
 .debug_rnglists
                0x00000098       0x2c ./Core/Src/main.o
 .debug_rnglists
                0x000000c4       0x2d ./Core/Src/mpu6050.o
 .debug_rnglists
                0x000000f1       0x13 ./Core/Src/stm32f4xx_hal_msp.o
 .debug_rnglists
                0x00000104       0x20 ./Core/Src/stm32f4xx_hal_timebase_tim.o
 .debug_rnglists
                0x00000124       0x44 ./Core/Src/stm32f4xx_it.o
 .debug_rnglists
                0x00000168       0x1a ./Core/Src/system_stm32f4xx.o
 .debug_rnglists
                0x00000182       0x26 ./Core/Src/usart.o
 .debug_rnglists
                0x000001a8       0x19 ./Core/Startup/startup_stm32f446retx.o
 .debug_rnglists
                0x000001c1       0xaf ./Drivers/STM32F4xx_HAL_Driver/Src/stm32f4xx_hal.o
 .debug_rnglists
                0x00000270       0xe0 ./Drivers/STM32F4xx_HAL_Driver/Src/stm32f4xx_hal_cortex.o
 .debug_rnglists
                0x00000350       0x70 ./Drivers/STM32F4xx_HAL_Driver/Src/stm32f4xx_hal_dma.o
 .debug_rnglists
                0x000003c0       0x3f ./Drivers/STM32F4xx_HAL_Driver/Src/stm32f4xx_hal_gpio.o
 .debug_rnglists
                0x000003ff       0x47 ./Drivers/STM32F4xx_HAL_Driver/Src/stm32f4xx_hal_pwr_ex.o
 .debug_rnglists
                0x00000446       0x66 ./Drivers/STM32F4xx_HAL_Driver/Src/stm32f4xx_hal_rcc.o
 .debug_rnglists
                0x000004ac       0x5e ./Drivers/STM32F4xx_HAL_Driver/Src/stm32f4xx_hal_rcc_ex.o
 .debug_rnglists
                0x0000050a      0x31a ./Drivers/STM32F4xx_HAL_Driver/Src/stm32f4xx_hal_tim.o
 .debug_rnglists
                0x00000824      0x125 ./Drivers/STM32F4xx_HAL_Driver/Src/stm32f4xx_hal_tim_ex.o
 .debug_rnglists
                0x00000949      0x1bc ./Drivers/STM32F4xx_HAL_Driver/Src/stm32f4xx_hal_uart.o
 .debug_rnglists
                0x00000b05      0x212 ./Middlewares/Third_Party/FreeRTOS/Source/CMSIS_RTOS_V2/cmsis_os2.o
 .debug_rnglists
                0x00000d17       0x2b ./Middlewares/Third_Party/FreeRTOS/Source/list.o
 .debug_rnglists
                0x00000d42      0x109 ./Middlewares/Third_Party/FreeRTOS/Source/queue.o
 .debug_rnglists
                0x00000e4b      0x1a0 ./Middlewares/Third_Party/FreeRTOS/Source/tasks.o
 .debug_rnglists
                0x00000feb       0xb8 ./Middlewares/Third_Party/FreeRTOS/Source/timers.o
 .debug_rnglists
                0x000010a3       0x5d ./Middlewares/Third_Party/FreeRTOS/Source/portable/GCC/ARM_CM4F/port.o
 .debug_rnglists
                0x00001100       0x42 ./Middlewares/Third_Party/FreeRTOS/Source/portable/MemMang/heap_4.o

.debug_macro    0x00000000    0x25578
 .debug_macro   0x00000000       0xf2 ./Core/Src/complementary.o
 .debug_macro   0x000000f2      0xad8 ./Core/Src/complementary.o
 .debug_macro   0x00000bca       0x22 ./Core/Src/complementary.o
 .debug_macro   0x00000bec       0x5b ./Core/Src/complementary.o
 .debug_macro   0x00000c47       0x2a ./Core/Src/complementary.o
 .debug_macro   0x00000c71       0x94 ./Core/Src/complementary.o
 .debug_macro   0x00000d05       0x43 ./Core/Src/complementary.o
 .debug_macro   0x00000d48       0x34 ./Core/Src/complementary.o
 .debug_macro   0x00000d7c      0x190 ./Core/Src/complementary.o
 .debug_macro   0x00000f0c       0x57 ./Core/Src/complementary.o
 .debug_macro   0x00000f63      0x370 ./Core/Src/complementary.o
 .debug_macro   0x000012d3       0x16 ./Core/Src/complementary.o
 .debug_macro   0x000012e9       0x4a ./Core/Src/complementary.o
 .debug_macro   0x00001333       0x34 ./Core/Src/complementary.o
 .debug_macro   0x00001367       0x10 ./Core/Src/complementary.o
 .debug_macro   0x00001377       0x58 ./Core/Src/complementary.o
 .debug_macro   0x000013cf       0x8e ./Core/Src/complementary.o
 .debug_macro   0x0000145d       0x1c ./Core/Src/complementary.o
 .debug_macro   0x00001479      0x185 ./Core/Src/complementary.o
 .debug_macro   0x000015fe      0x19b ./Core/Src/complementary.o
 .debug_macro   0x00001799      0x1e2 ./Core/Src/dma.o
 .debug_macro   0x0000197b      0x29b ./Core/Src/dma.o
 .debug_macro   0x00001c16       0x2e ./Core/Src/dma.o
 .debug_macro   0x00001c44       0x28 ./Core/Src/dma.o
 .debug_macro   0x00001c6c       0x8e ./Core/Src/dma.o
 .debug_macro   0x00001cfa       0x51 ./Core/Src/dma.o
 .debug_macro   0x00001d4b      0x103 ./Core/Src/dma.o
 .debug_macro   0x00001e4e       0x6a ./Core/Src/dma.o
 .debug_macro   0x00001eb8      0x1df ./Core/Src/dma.o
 .debug_macro   0x00002097       0x1c ./Core/Src/dma.o
 .debug_macro   0x000020b3       0x22 ./Core/Src/dma.o
 .debug_macro   0x000020d5       0xfb ./Core/Src/dma.o
 .debug_macro   0x000021d0     0x1011 ./Core/Src/dma.o
 .debug_macro   0x000031e1      0x11f ./Core/Src/dma.o
 .debug_macro   0x00003300    0x1675e ./Core/Src/dma.o
 .debug_macro   0x00019a5e       0x6d ./Core/Src/dma.o
 .debug_macro   0x00019acb     0x3693 ./Core/Src/dma.o
 .debug_macro   0x0001d15e       0x5c ./Core/Src/dma.o
 .debug_macro   0x0001d1ba      0xca5 ./Core/Src/dma.o
 .debug_macro   0x0001de5f      0x9e9 ./Core/Src/dma.o
 .debug_macro   0x0001e848      0x115 ./Core/Src/dma.o
 .debug_macro   0x0001e95d      0x1a0 ./Core/Src/dma.o
 .debug_macro   0x0001eafd       0xa5 ./Core/Src/dma.o
 .debug_macro   0x0001eba2      0x16d ./Core/Src/dma.o
 .debug_macro   0x0001ed0f      0x287 ./Core/Src/dma.o
 .debug_macro   0x0001ef96       0x5f ./Core/Src/dma.o
 .debug_macro   0x0001eff5      0x236 ./Core/Src/dma.o
 .debug_macro   0x0001f22b      0x132 ./Core/Src/dma.o
 .debug_macro   0x0001f35d      0x29c ./Core/Src/dma.o
 .debug_macro   0x0001f5f9       0x2e ./Core/Src/dma.o
 .debug_macro   0x0001f627      0x127 ./Core/Src/dma.o
 .debug_macro   0x0001f74e       0xe8 ./Core/Src/dma.o
 .debug_macro   0x0001f836       0x89 ./Core/Src/dma.o
 .debug_macro   0x0001f8bf      0x8ed ./Core/Src/dma.o
 .debug_macro   0x000201ac       0x53 ./Core/Src/dma.o
 .debug_macro   0x000201ff      0x2aa ./Core/Src/dma.o
 .debug_macro   0x000204a9      0x126 ./Core/Src/dma.o
 .debug_macro   0x000205cf      0x399 ./Core/Src/freertos.o
 .debug_macro   0x00020968      0x16f ./Core/Src/freertos.o
 .debug_macro   0x00020ad7      0x15a ./Core/Src/freertos.o
 .debug_macro   0x00020c31       0xc9 ./Core/Src/freertos.o
 .debug_macro   0x00020cfa       0x1c ./Core/Src/freertos.o
 .debug_macro   0x00020d16       0x26 ./Core/Src/freertos.o
 .debug_macro   0x00020d3c       0x61 ./Core/Src/freertos.o
 .debug_macro   0x00020d9d       0x10 ./Core/Src/freertos.o
 .debug_macro   0x00020dad       0x3c ./Core/Src/freertos.o
 .debug_macro   0x00020de9      0x4bf ./Core/Src/freertos.o
 .debug_macro   0x000212a8       0xb5 ./Core/Src/freertos.o
 .debug_macro   0x0002135d       0xaa ./Core/Src/freertos.o
 .debug_macro   0x00021407       0x56 ./Core/Src/freertos.o
 .debug_macro   0x0002145d       0x6c ./Core/Src/freertos.o
 .debug_macro   0x000214c9       0x74 ./Core/Src/freertos.o
 .debug_macro   0x0002153d       0xdd ./Core/Src/freertos.o
 .debug_macro   0x0002161a       0x4c ./Core/Src/freertos.o
 .debug_macro   0x00021666       0x1c ./Core/Src/freertos.o
 .debug_macro   0x00021682       0x10 ./Core/Src/freertos.o