../Core/Src/stm32f4xx_it.c:76:6:NMI_Handler	4	static
../Core/Src/stm32f4xx_it.c:91:6:HardFault_Handler	4	static
../Core/Src/stm32f4xx_it.c:106:6:MemManage_Handler	4	static
../Core/Src/stm32f4xx_it.c:121:6:BusFault_Handler	4	static
../Core/Src/stm32f4xx_it.c:136:6:UsageFault_Handler	4	static
../Core/Src/stm32f4xx_it.c:151:6:DebugMon_Handler	4	static
../Core/Src/stm32f4xx_it.c:171:6:USART1_IRQHandler	16	static,ignoring_inline_asm
../Core/Src/stm32f4xx_it.c:205:6:TIM6_DAC_IRQHandler	8	static
../Core/Src/stm32f4xx_it.c:219:6:DMA2_Stream2_IRQHandler	8	static
